Component: ARM Compiler 5.06 update 4 (build 422) Tool: armlink [4d35d2]

==============================================================================

Section Cross References

    main.o(.text) refers to _printf_percent.o(.ARM.Collect$$_printf_percent$$00000000) for _printf_percent
    main.o(.text) refers to _printf_d.o(.ARM.Collect$$_printf_percent$$00000009) for _printf_d
    main.o(.text) refers to _printf_dec.o(.text) for _printf_int_dec
    main.o(.text) refers to _printf_s.o(.ARM.Collect$$_printf_percent$$00000014) for _printf_s
    main.o(.text) refers to _printf_str.o(.text) for _printf_str
    main.o(.text) refers to rt_memclr_w.o(.text) for __aeabi_memclr4
    main.o(.text) refers to usart.o(.text) for USART_Getc
    main.o(.text) refers to strstr.o(.text) for strstr
    main.o(.text) refers to stm32f4xx_rcc.o(.text) for RCC_AHB1PeriphClockCmd
    main.o(.text) refers to stm32f4xx_gpio.o(.text) for GPIO_Init
    main.o(.text) refers to tm_stm32f4_i2c.o(.text) for TM_I2C_Init
    main.o(.text) refers to dht11.o(.text) for get_data
    main.o(.text) refers to __2sprintf.o(.text) for __2sprintf
    main.o(.text) refers to f2d.o(x$fpl$f2d) for __aeabi_f2d
    main.o(.text) refers to ddiv.o(x$fpl$ddiv) for __aeabi_ddiv
    main.o(.text) refers to d2f.o(x$fpl$d2f) for __aeabi_d2f
    main.o(.text) refers to sprintf.o(.text) for sprintf
    main.o(.text) refers to tm_stm32f4_delay.o(.data) for TM_Time
    main.o(.text) refers to main.o(.data) for state
    main.o(.text) refers to stm32f4xx_tim.o(.text) for TIM_TimeBaseInit
    main.o(.text) refers to system_stm32f4xx.o(.text) for SystemInit
    main.o(.text) refers to tm_stm32f4_delay.o(.text) for TM_DELAY_Init
    system_stm32f4xx.o(.text) refers to system_stm32f4xx.o(.data) for SystemCoreClock
    startup_stm32f40_41xxx.o(STACK) refers (Special) to heapauxi.o(.text) for __use_two_region_memory
    startup_stm32f40_41xxx.o(HEAP) refers (Special) to heapauxi.o(.text) for __use_two_region_memory
    startup_stm32f40_41xxx.o(RESET) refers (Special) to heapauxi.o(.text) for __use_two_region_memory
    startup_stm32f40_41xxx.o(RESET) refers to startup_stm32f40_41xxx.o(STACK) for __initial_sp
    startup_stm32f40_41xxx.o(RESET) refers to startup_stm32f40_41xxx.o(.text) for Reset_Handler
    startup_stm32f40_41xxx.o(RESET) refers to stm32f4xx_it.o(.text) for NMI_Handler
    startup_stm32f40_41xxx.o(RESET) refers to tm_stm32f4_delay.o(.text) for SysTick_Handler
    startup_stm32f40_41xxx.o(RESET) refers to usart.o(.text) for USART1_IRQHandler
    startup_stm32f40_41xxx.o(.text) refers (Special) to heapauxi.o(.text) for __use_two_region_memory
    startup_stm32f40_41xxx.o(.text) refers to system_stm32f4xx.o(.text) for SystemInit
    startup_stm32f40_41xxx.o(.text) refers to __main.o(!!!main) for __main
    startup_stm32f40_41xxx.o(.text) refers to startup_stm32f40_41xxx.o(HEAP) for Heap_Mem
    startup_stm32f40_41xxx.o(.text) refers to startup_stm32f40_41xxx.o(STACK) for Stack_Mem
    stm32f4xx_adc.o(.text) refers to stm32f4xx_rcc.o(.text) for RCC_APB2PeriphResetCmd
    stm32f4xx_can.o(.text) refers to stm32f4xx_rcc.o(.text) for RCC_APB1PeriphResetCmd
    stm32f4xx_dac.o(.text) refers to stm32f4xx_rcc.o(.text) for RCC_APB1PeriphResetCmd
    stm32f4xx_fsmc.o(.text) refers to stm32f4xx_fsmc.o(.constdata) for FSMC_DefaultTimingStruct
    stm32f4xx_gpio.o(.text) refers to stm32f4xx_rcc.o(.text) for RCC_AHB1PeriphResetCmd
    stm32f4xx_i2c.o(.text) refers to stm32f4xx_rcc.o(.text) for RCC_APB1PeriphResetCmd
    stm32f4xx_pwr.o(.text) refers to stm32f4xx_rcc.o(.text) for RCC_APB1PeriphResetCmd
    stm32f4xx_rcc.o(.text) refers to stm32f4xx_rcc.o(.data) for APBAHBPrescTable
    stm32f4xx_rng.o(.text) refers to stm32f4xx_rcc.o(.text) for RCC_AHB2PeriphResetCmd
    stm32f4xx_sdio.o(.text) refers to stm32f4xx_rcc.o(.text) for RCC_APB2PeriphResetCmd
    stm32f4xx_spi.o(.text) refers to stm32f4xx_rcc.o(.text) for RCC_APB2PeriphResetCmd
    stm32f4xx_syscfg.o(.text) refers to stm32f4xx_rcc.o(.text) for RCC_APB2PeriphResetCmd
    stm32f4xx_tim.o(.text) refers to stm32f4xx_rcc.o(.text) for RCC_APB2PeriphResetCmd
    stm32f4xx_usart.o(.text) refers to stm32f4xx_rcc.o(.text) for RCC_APB2PeriphResetCmd
    stm32f4xx_wwdg.o(.text) refers to stm32f4xx_rcc.o(.text) for RCC_APB1PeriphResetCmd
    tm_stm32f4_gpio.o(.text) refers to tm_stm32f4_gpio.o(.bss) for GPIO_UsedPins
    usart.o(.text) refers to stm32f4xx_usart.o(.text) for USART_GetFlagStatus
    usart.o(.text) refers to stm32f4xx_rcc.o(.text) for RCC_APB2PeriphClockCmd
    usart.o(.text) refers to stm32f4xx_gpio.o(.text) for GPIO_PinAFConfig
    usart.o(.text) refers to usart.o(.data) for GPIO_InitStruct
    usart.o(.text) refers to misc.o(.text) for NVIC_Init
    usart.o(.text) refers to strtok.o(.text) for strtok
    usart.o(.text) refers to strcpy.o(.text) for strcpy
    usart.o(.text) refers to atoi.o(.text) for atoi
    usart.o(.text) refers to rt_memclr.o(.text) for __aeabi_memclr
[...]
    __rt_lib_init_heap_1                     0x080002db   Thumb Code     0  libinit2.o(.ARM.Collect$$libinit$$0000000A)
    __rt_lib_init_lc_common                  0x080002db   Thumb Code     0  libinit2.o(.ARM.Collect$$libinit$$0000000F)
    __rt_lib_init_rand_1                     0x080002db   Thumb Code     0  libinit2.o(.ARM.Collect$$libinit$$0000000E)
    __rt_lib_init_user_alloc_1               0x080002db   Thumb Code     0  libinit2.o(.ARM.Collect$$libinit$$0000000C)
    __rt_lib_init_lc_collate_1               0x080002e1   Thumb Code     0  libinit2.o(.ARM.Collect$$libinit$$00000011)
    __rt_lib_init_lc_ctype_2                 0x080002e1   Thumb Code     0  libinit2.o(.ARM.Collect$$libinit$$00000012)
    __rt_lib_init_lc_ctype_1                 0x080002ed   Thumb Code     0  libinit2.o(.ARM.Collect$$libinit$$00000013)
    __rt_lib_init_lc_monetary_1              0x080002ed   Thumb Code     0  libinit2.o(.ARM.Collect$$libinit$$00000015)
    __rt_lib_init_lc_numeric_2               0x080002ed   Thumb Code     0  libinit2.o(.ARM.Collect$$libinit$$00000016)
    __rt_lib_init_alloca_1                   0x080002f7   Thumb Code     0  libinit2.o(.ARM.Collect$$libinit$$0000002E)
    __rt_lib_init_argv_1                     0x080002f7   Thumb Code     0  libinit2.o(.ARM.Collect$$libinit$$0000002C)
    __rt_lib_init_atexit_1                   0x080002f7   Thumb Code     0  libinit2.o(.ARM.Collect$$libinit$$0000001B)
    __rt_lib_init_clock_1                    0x080002f7   Thumb Code     0  libinit2.o(.ARM.Collect$$libinit$$00000021)
    __rt_lib_init_cpp_1                      0x080002f7   Thumb Code     0  libinit2.o(.ARM.Collect$$libinit$$00000032)
    __rt_lib_init_exceptions_1               0x080002f7   Thumb Code     0  libinit2.o(.ARM.Collect$$libinit$$00000030)
    __rt_lib_init_fp_trap_1                  0x080002f7   Thumb Code     0  libinit2.o(.ARM.Collect$$libinit$$0000001F)
    __rt_lib_init_getenv_1                   0x080002f7   Thumb Code     0  libinit2.o(.ARM.Collect$$libinit$$00000023)
    __rt_lib_init_lc_numeric_1               0x080002f7   Thumb Code     0  libinit2.o(.ARM.Collect$$libinit$$00000017)
    __rt_lib_init_lc_time_1                  0x080002f7   Thumb Code     0  libinit2.o(.ARM.Collect$$libinit$$00000019)
    __rt_lib_init_return                     0x080002f7   Thumb Code     0  libinit2.o(.ARM.Collect$$libinit$$00000033)
    __rt_lib_init_signal_1                   0x080002f7   Thumb Code     0  libinit2.o(.ARM.Collect$$libinit$$0000001D)
    __rt_lib_init_stdio_1                    0x080002f7   Thumb Code     0  libinit2.o(.ARM.Collect$$libinit$$00000025)
    __rt_lib_shutdown                        0x080002f9   Thumb Code     0  libshutdown.o(.ARM.Collect$$libshutdown$$00000000)
    __rt_lib_shutdown_cpp_1                  0x080002fb   Thumb Code     0  libshutdown2.o(.ARM.Collect$$libshutdown$$00000002)
    __rt_lib_shutdown_fp_trap_1              0x080002fb   Thumb Code     0  libshutdown2.o(.ARM.Collect$$libshutdown$$00000007)
    __rt_lib_shutdown_heap_1                 0x080002fb   Thumb Code     0  libshutdown2.o(.ARM.Collect$$libshutdown$$0000000F)
    __rt_lib_shutdown_return                 0x080002fb   Thumb Code     0  libshutdown2.o(.ARM.Collect$$libshutdown$$00000010)
    __rt_lib_shutdown_signal_1               0x080002fb   Thumb Code     0  libshutdown2.o(.ARM.Collect$$libshutdown$$0000000A)
    __rt_lib_shutdown_stdio_1                0x080002fb   Thumb Code     0  libshutdown2.o(.ARM.Collect$$libshutdown$$00000004)
    __rt_lib_shutdown_user_alloc_1           0x080002fb   Thumb Code     0  libshutdown2.o(.ARM.Collect$$libshutdown$$0000000C)
    __rt_entry                               0x080002fd   Thumb Code     0  __rtentry.o(.ARM.Collect$$rtentry$$00000000)
    __rt_entry_presh_1                       0x080002fd   Thumb Code     0  __rtentry2.o(.ARM.Collect$$rtentry$$00000002)
    __rt_entry_sh                            0x080002fd   Thumb Code     0  __rtentry4.o(.ARM.Collect$$rtentry$$00000004)
    __rt_entry_li                            0x08000303   Thumb Code     0  __rtentry2.o(.ARM.Collect$$rtentry$$0000000A)
    __rt_entry_postsh_1                      0x08000303   Thumb Code     0  __rtentry2.o(.ARM.Collect$$rtentry$$00000009)
    __rt_entry_main                          0x08000307   Thumb Code     0  __rtentry2.o(.ARM.Collect$$rtentry$$0000000D)
    __rt_entry_postli_1                      0x08000307   Thumb Code     0  __rtentry2.o(.ARM.Collect$$rtentry$$0000000C)
    __rt_exit                                0x0800030f   Thumb Code     0  rtexit.o(.ARM.Collect$$rtexit$$00000000)
    __rt_exit_ls                             0x08000311   Thumb Code     0  rtexit2.o(.ARM.Collect$$rtexit$$00000003)
    __rt_exit_prels_1                        0x08000311   Thumb Code     0  rtexit2.o(.ARM.Collect$$rtexit$$00000002)
    __rt_exit_exit                           0x08000315   Thumb Code     0  rtexit2.o(.ARM.Collect$$rtexit$$00000004)
    _maybe_terminate_alloc                   0x0800031d   Thumb Code     0  maybetermalloc1.o(.emb_text)
    sendATcommand                            0x08000353   Thumb Code   124  main.o(.text)
    InitGPIOD                                0x080003cf   Thumb Code    48  main.o(.text)
    config_BH1750                            0x080003ff   Thumb Code    44  main.o(.text)
    get_Dht11                                0x0800042b   Thumb Code    44  main.o(.text)
    print_DHTandBHT                          0x08000457   Thumb Code    46  main.o(.text)
    get_bht1750                              0x08000485   Thumb Code   122  main.o(.text)
    config_sms                               0x080004ff   Thumb Code    44  main.o(.text)
    config_http                              0x0800052b   Thumb Code    98  main.o(.text)
    send_sms                                 0x0800058d   Thumb Code    92  main.o(.text)
    up_data                                  0x080005e9   Thumb Code    98  main.o(.text)
    call                                     0x0800064b   Thumb Code    66  main.o(.text)
    receive_sms                              0x0800068d   Thumb Code   744  main.o(.text)
    TIM_PWM_Configuration                    0x08000975   Thumb Code   150  main.o(.text)
    TM_DELAY_1usHandler                      0x08000a0b   Thumb Code    48  main.o(.text)
    main                                     0x08000a3b   Thumb Code   130  main.o(.text)
    NMI_Handler                              0x08000afd   Thumb Code     2  stm32f4xx_it.o(.text)
    HardFault_Handler                        0x08000aff   Thumb Code     4  stm32f4xx_it.o(.text)
    MemManage_Handler                        0x08000b03   Thumb Code     4  stm32f4xx_it.o(.text)
    BusFault_Handler                         0x08000b07   Thumb Code     4  stm32f4xx_it.o(.text)
    UsageFault_Handler                       0x08000b0b   Thumb Code     4  stm32f4xx_it.o(.text)
    SVC_Handler                              0x08000b0f   Thumb Code     2  stm32f4xx_it.o(.text)
    DebugMon_Handler                         0x08000b11   Thumb Code     2  stm32f4xx_it.o(.text)
    PendSV_Handler                           0x08000b13   Thumb Code     2  stm32f4xx_it.o(.text)
    SystemInit                               0x08000bf1   Thumb Code    88  system_stm32f4xx.o(.text)
    SystemCoreClockUpdate                    0x08000c49   Thumb Code   174  system_stm32f4xx.o(.text)
    Reset_Handler                            0x08000d25   Thumb Code     8  startup_stm32f40_41xxx.o(.text)
    ADC_IRQHandler                           0x08000d3f   Thumb Code     0  startup_stm32f40_41xxx.o(.text)
    CAN1_RX0_IRQHandler                      0x08000d3f   Thumb Code     0  startup_stm32f40_41xxx.o(.text)
    CAN1_RX1_IRQHandler                      0x08000d3f   Thumb Code     0  startup_stm32f40_41xxx.o(.text)
    CAN1_SCE_IRQHandler                      0x08000d3f   Thumb Code     0  startup_stm32f40_41xxx.o(.text)
    CAN1_TX_IRQHandler                       0x08000d3f   Thumb Code     0  startup_stm32f40_41xxx.o(.text)
    CAN2_RX0_IRQHandler                      0x08000d3f   Thumb Code     0  startup_stm32f40_41xxx.o(.text)
    CAN2_RX1_IRQHandler                      0x08000d3f   Thumb Code     0  startup_stm32f40_41xxx.o(.text)
    CAN2_SCE_IRQHandler                      0x08000d3f   Thumb Code     0  startup_stm32f40_41xxx.o(.text)
    CAN2_TX_IRQHandler                       0x08000d3f   Thumb Code     0  startup_stm32f40_41xxx.o(.text)
    CRYP_IRQHandler                          0x08000d3f   Thumb Code     0  startup_stm32f40_41xxx.o(.text)
    DCMI_IRQHandler                          0x08000d3f   Thumb Code     0  startup_stm32f40_41xxx.o(.text)
    DMA1_Stream0_IRQHandler                  0x08000d3f   Thumb Code     0  startup_stm32f40_41xxx.o(.text)
    DMA1_Stream1_IRQHandler                  0x08000d3f   Thumb Code     0  startup_stm32f40_41xxx.o(.text)
    DMA1_Stream2_IRQHandler                  0x08000d3f   Thumb Code     0  startup_stm32f40_41xxx.o(.text)
    DMA1_Stream3_IRQHandler                  0x08000d3f   Thumb Code     0  startup_stm32f40_41xxx.o(.text)
    DMA1_Stream4_IRQHandler                  0x08000d3f   Thumb Code     0  startup_stm32f40_41xxx.o(.text)
    DMA1_Stream5_IRQHandler                  0x08000d3f   Thumb Code     0  startup_stm32f40_41xxx.o(.text)
    DMA1_Stream6_IRQHandler                  0x08000d3f   Thumb Code     0  startup_stm32f40_41xxx.o(.text)
    DMA1_Stream7_IRQHandler                  0x08000d3f   Thumb Code     0  startup_stm32f40_41xxx.o(.text)
    DMA2_Stream0_IRQHandler                  0x08000d3f   Thumb Code     0  startup_stm32f40_41xxx.o(.text)
    DMA2_Stream1_IRQHandler                  0x08000d3f   Thumb Code     0  startup_stm32f40_41xxx.o(.text)
    DMA2_Stream2_IRQHandler                  0x08000d3f   Thumb Code     0  startup_stm32f40_41xxx.o(.text)
    DMA2_Stream3_IRQHandler                  0x08000d3f   Thumb Code     0  startup_stm32f40_41xxx.o(.text)
    DMA2_Stream4_IRQHandler                  0x08000d3f   Thumb Code     0  startup_stm32f40_41xxx.o(.text)
    DMA2_Stream5_IRQHandler                  0x08000d3f   Thumb Code     0  startup_stm32f40_41xxx.o(.text)
    DMA2_Stream6_IRQHandler                  0x08000d3f   Thumb Code     0  startup_stm32f40_41xxx.o(.text)
    DMA2_Stream7_IRQHandler                  0x08000d3f   Thumb Code     0  startup_stm32f40_41xxx.o(.text)
    ETH_IRQHandler                           0x08000d3f   Thumb Code     0  startup_stm32f40_41xxx.o(.text)
    ETH_WKUP_IRQHandler                      0x08000d3f   Thumb Code     0  startup_stm32f40_41xxx.o(.text)
    EXTI0_IRQHandler                         0x08000d3f   Thumb Code     0  startup_stm32f40_41xxx.o(.text)
    EXTI15_10_IRQHandler                     0x08000d3f   Thumb Code     0  startup_stm32f40_41xxx.o(.text)
    EXTI1_IRQHandler                         0x08000d3f   Thumb Code     0  startup_stm32f40_41xxx.o(.text)
    EXTI2_IRQHandler                         0x08000d3f   Thumb Code     0  startup_stm32f40_41xxx.o(.text)
    EXTI3_IRQHandler                         0x08000d3f   Thumb Code     0  startup_stm32f40_41xxx.o(.text)
    EXTI4_IRQHandler                         0x08000d3f   Thumb Code     0  startup_stm32f40_41xxx.o(.text)
    EXTI9_5_IRQHandler                       0x08000d3f   Thumb Code     0  startup_stm32f40_41xxx.o(.text)
    FLASH_IRQHandler                         0x08000d3f   Thumb Code     0  startup_stm32f40_41xxx.o(.text)
    FPU_IRQHandler                           0x08000d3f   Thumb Code     0  startup_stm32f40_41xxx.o(.text)
    FSMC_IRQHandler                          0x08000d3f   Thumb Code     0  startup_stm32f40_41xxx.o(.text)
    HASH_RNG_IRQHandler                      0x08000d3f   Thumb Code     0  startup_stm32f40_41xxx.o(.text)
    I2C1_ER_IRQHandler                       0x08000d3f   Thumb Code     0  startup_stm32f40_41xxx.o(.text)
    I2C1_EV_IRQHandler                       0x08000d3f   Thumb Code     0  startup_stm32f40_41xxx.o(.text)
    I2C2_ER_IRQHandler                       0x08000d3f   Thumb Code     0  startup_stm32f40_41xxx.o(.text)
    I2C2_EV_IRQHandler                       0x08000d3f   Thumb Code     0  startup_stm32f40_41xxx.o(.text)
    I2C3_ER_IRQHandler                       0x08000d3f   Thumb Code     0  startup_stm32f40_41xxx.o(.text)
    I2C3_EV_IRQHandler                       0x08000d3f   Thumb Code     0  startup_stm32f40_41xxx.o(.text)
    OTG_FS_IRQHandler                        0x08000d3f   Thumb Code     0  startup_stm32f40_41xxx.o(.text)
    OTG_FS_WKUP_IRQHandler                   0x08000d3f   Thumb Code     0  startup_stm32f40_41xxx.o(.text)
    OTG_HS_EP1_IN_IRQHandler                 0x08000d3f   Thumb Code     0  startup_stm32f40_41xxx.o(.text)
    OTG_HS_EP1_OUT_IRQHandler                0x08000d3f   Thumb Code     0  startup_stm32f40_41xxx.o(.text)
    OTG_HS_IRQHandler                        0x08000d3f   Thumb Code     0  startup_stm32f40_41xxx.o(.text)
    OTG_HS_WKUP_IRQHandler                   0x08000d3f   Thumb Code     0  startup_stm32f40_41xxx.o(.text)
    PVD_IRQHandler                           0x08000d3f   Thumb Code     0  startup_stm32f40_41xxx.o(.text)
    RCC_IRQHandler                           0x08000d3f   Thumb Code     0  startup_stm32f40_41xxx.o(.text)
    RTC_Alarm_IRQHandler                     0x08000d3f   Thumb Code     0  startup_stm32f40_41xxx.o(.text)
    RTC_WKUP_IRQHandler                      0x08000d3f   Thumb Code     0  startup_stm32f40_41xxx.o(.text)
    SDIO_IRQHandler                          0x08000d3f   Thumb Code     0  startup_stm32f40_41xxx.o(.text)
    SPI1_IRQHandler                          0x08000d3f   Thumb Code     0  startup_stm32f40_41xxx.o(.text)
    SPI2_IRQHandler                          0x08000d3f   Thumb Code     0  startup_stm32f40_41xxx.o(.text)
    SPI3_IRQHandler                          0x08000d3f   Thumb Code     0  startup_stm32f40_41xxx.o(.text)
    TAMP_STAMP_IRQHandler                    0x08000d3f   Thumb Code     0  startup_stm32f40_41xxx.o(.text)
    TIM1_BRK_TIM9_IRQHandler                 0x08000d3f   Thumb Code     0  startup_stm32f40_41xxx.o(.text)
    TIM1_CC_IRQHandler                       0x08000d3f   Thumb Code     0  startup_stm32f40_41xxx.o(.text)
    TIM1_TRG_COM_TIM11_IRQHandler            0x08000d3f   Thumb Code     0  startup_stm32f40_41xxx.o(.text)
    TIM1_UP_TIM10_IRQHandler                 0x08000d3f   Thumb Code     0  startup_stm32f40_41xxx.o(.text)
    TIM2_IRQHandler                          0x08000d3f   Thumb Code     0  startup_stm32f40_41xxx.o(.text)
    TIM3_IRQHandler                          0x08000d3f   Thumb Code     0  startup_stm32f40_41xxx.o(.text)
    TIM4_IRQHandler                          0x08000d3f   Thumb Code     0  startup_stm32f40_41xxx.o(.text)
    TIM5_IRQHandler                          0x08000d3f   Thumb Code     0  startup_stm32f40_41xxx.o(.text)
    TIM6_DAC_IRQHandler                      0x08000d3f   Thumb Code     0  startup_stm32f40_41xxx.o(.text)
    TIM7_IRQHandler                          0x08000d3f   Thumb Code     0  startup_stm32f40_41xxx.o(.text)
    TIM8_BRK_TIM12_IRQHandler                0x08000d3f   Thumb Code     0  startup_stm32f40_41xxx.o(.text)
    TIM8_CC_IRQHandler                       0x08000d3f   Thumb Code     0  startup_stm32f40_41xxx.o(.text)
    TIM8_TRG_COM_TIM14_IRQHandler            0x08000d3f   Thumb Code     0  startup_stm32f40_41xxx.o(.text)
    TIM8_UP_TIM13_IRQHandler                 0x08000d3f   Thumb Code     0  startup_stm32f40_41xxx.o(.text)
    WWDG_IRQHandler                          0x08000d3f   Thumb Code     0  startup_stm32f40_41xxx.o(.text)
    __user_initial_stackheap                 0x08000d41   Thumb Code     0  startup_stm32f40_41xxx.o(.text)
    NVIC_PriorityGroupConfig                 0x08000d65   Thumb Code    10  misc.o(.text)
    NVIC_Init                                0x08000d6f   Thumb Code   106  misc.o(.text)
    NVIC_SetVectorTable                      0x08000dd9   Thumb Code    14  misc.o(.text)
    NVIC_SystemLPConfig                      0x08000de7   Thumb Code    34  misc.o(.text)
    SysTick_CLKSourceConfig                  0x08000e09   Thumb Code    40  misc.o(.text)
    GPIO_DeInit                              0x08000e45   Thumb Code   268  stm32f4xx_gpio.o(.text)
    GPIO_Init                                0x08000f51   Thumb Code   144  stm32f4xx_gpio.o(.text)
    GPIO_StructInit                          0x08000fe1   Thumb Code    18  stm32f4xx_gpio.o(.text)
    GPIO_PinLockConfig                       0x08000ff3   Thumb Code    34  stm32f4xx_gpio.o(.text)
    GPIO_ReadInputDataBit                    0x08001015   Thumb Code    18  stm32f4xx_gpio.o(.text)
    GPIO_ReadInputData                       0x08001027   Thumb Code     8  stm32f4xx_gpio.o(.text)
    GPIO_ReadOutputDataBit                   0x0800102f   Thumb Code    18  stm32f4xx_gpio.o(.text)
    GPIO_ReadOutputData                      0x08001041   Thumb Code     8  stm32f4xx_gpio.o(.text)
    GPIO_SetBits                             0x08001049   Thumb Code     4  stm32f4xx_gpio.o(.text)
    GPIO_ResetBits                           0x0800104d   Thumb Code     4  stm32f4xx_gpio.o(.text)
    GPIO_WriteBit                            0x08001051   Thumb Code    10  stm32f4xx_gpio.o(.text)
    GPIO_Write                               0x0800105b   Thumb Code     4  stm32f4xx_gpio.o(.text)
    GPIO_ToggleBits                          0x0800105f   Thumb Code     8  stm32f4xx_gpio.o(.text)
    GPIO_PinAFConfig                         0x08001067   Thumb Code    70  stm32f4xx_gpio.o(.text)
    I2C_DeInit                               0x080010d9   Thumb Code    82  stm32f4xx_i2c.o(.text)
    I2C_Init                                 0x0800112b   Thumb Code   218  stm32f4xx_i2c.o(.text)
    I2C_StructInit                           0x08001205   Thumb Code    30  stm32f4xx_i2c.o(.text)
    I2C_Cmd                                  0x08001223   Thumb Code    24  stm32f4xx_i2c.o(.text)
    I2C_AnalogFilterCmd                      0x0800123b   Thumb Code    24  stm32f4xx_i2c.o(.text)
    I2C_DigitalFilterConfig                  0x08001253   Thumb Code    22  stm32f4xx_i2c.o(.text)
    I2C_GenerateSTART                        0x08001269   Thumb Code    24  stm32f4xx_i2c.o(.text)
    I2C_GenerateSTOP                         0x08001281   Thumb Code    24  stm32f4xx_i2c.o(.text)
    I2C_Send7bitAddress                      0x08001299   Thumb Code    16  stm32f4xx_i2c.o(.text)
    I2C_AcknowledgeConfig                    0x080012a9   Thumb Code    24  stm32f4xx_i2c.o(.text)
    I2C_OwnAddress2Config                    0x080012c1   Thumb Code    22  stm32f4xx_i2c.o(.text)
    I2C_DualAddressCmd                       0x080012d7   Thumb Code    24  stm32f4xx_i2c.o(.text)
    I2C_GeneralCallCmd                       0x080012ef   Thumb Code    24  stm32f4xx_i2c.o(.text)
    I2C_SoftwareResetCmd                     0x08001307   Thumb Code    22  stm32f4xx_i2c.o(.text)
    I2C_StretchClockCmd                      0x0800131d   Thumb Code    24  stm32f4xx_i2c.o(.text)
    I2C_FastModeDutyCycleConfig              0x08001335   Thumb Code    28  stm32f4xx_i2c.o(.text)
    I2C_NACKPositionConfig                   0x08001351   Thumb Code    28  stm32f4xx_i2c.o(.text)
    I2C_SMBusAlertConfig                     0x0800136d   Thumb Code    28  stm32f4xx_i2c.o(.text)
    I2C_ARPCmd                               0x08001389   Thumb Code    24  stm32f4xx_i2c.o(.text)
    I2C_SendData                             0x080013a1   Thumb Code     4  stm32f4xx_i2c.o(.text)
    I2C_ReceiveData                          0x080013a5   Thumb Code     8  stm32f4xx_i2c.o(.text)
    I2C_TransmitPEC                          0x080013ad   Thumb Code    24  stm32f4xx_i2c.o(.text)
    I2C_PECPositionConfig                    0x080013c5   Thumb Code    28  stm32f4xx_i2c.o(.text)
    I2C_CalculatePEC                         0x080013e1   Thumb Code    24  stm32f4xx_i2c.o(.text)
    I2C_GetPEC                               0x080013f9   Thumb Code     8  stm32f4xx_i2c.o(.text)
    I2C_DMACmd                               0x08001401   Thumb Code    24  stm32f4xx_i2c.o(.text)
    I2C_DMALastTransferCmd                   0x08001419   Thumb Code    24  stm32f4xx_i2c.o(.text)
    I2C_ReadRegister                         0x08001431   Thumb Code    22  stm32f4xx_i2c.o(.text)
    I2C_ITConfig                             0x08001447   Thumb Code    18  stm32f4xx_i2c.o(.text)
    I2C_CheckEvent                           0x08001459   Thumb Code    42  stm32f4xx_i2c.o(.text)
    I2C_GetLastEvent                         0x08001483   Thumb Code    26  stm32f4xx_i2c.o(.text)
    I2C_GetFlagStatus                        0x0800149d   Thumb Code    84  stm32f4xx_i2c.o(.text)
    I2C_ClearFlag                            0x080014f1   Thumb Code    12  stm32f4xx_i2c.o(.text)
    I2C_GetITStatus                          0x080014fd   Thumb Code    38  stm32f4xx_i2c.o(.text)
    I2C_ClearITPendingBit                    0x08001523   Thumb Code    12  stm32f4xx_i2c.o(.text)
    RCC_DeInit                               0x08001531   Thumb Code    82  stm32f4xx_rcc.o(.text)
    RCC_HSEConfig                            0x08001583   Thumb Code    14  stm32f4xx_rcc.o(.text)
    RCC_GetFlagStatus                        0x08001591   Thumb Code    60  stm32f4xx_rcc.o(.text)
    RCC_WaitForHSEStartUp                    0x080015cd   Thumb Code    56  stm32f4xx_rcc.o(.text)
    RCC_AdjustHSICalibrationValue            0x08001605   Thumb Code    20  stm32f4xx_rcc.o(.text)
    RCC_HSICmd                               0x08001619   Thumb Code     6  stm32f4xx_rcc.o(.text)
    RCC_LSEConfig                            0x0800161f   Thumb Code    46  stm32f4xx_rcc.o(.text)
    RCC_LSICmd                               0x0800164d   Thumb Code     6  stm32f4xx_rcc.o(.text)
    RCC_PLLConfig                            0x08001653   Thumb Code    32  stm32f4xx_rcc.o(.text)
    RCC_PLLCmd                               0x08001673   Thumb Code     6  stm32f4xx_rcc.o(.text)
    RCC_PLLI2SConfig                         0x08001679   Thumb Code    14  stm32f4xx_rcc.o(.text)
    RCC_PLLI2SCmd                            0x08001687   Thumb Code     6  stm32f4xx_rcc.o(.text)
    RCC_PLLSAIConfig                         0x0800168d   Thumb Code    20  stm32f4xx_rcc.o(.text)
    RCC_PLLSAICmd                            0x080016a1   Thumb Code     6  stm32f4xx_rcc.o(.text)
    RCC_ClockSecuritySystemCmd               0x080016a7   Thumb Code     6  stm32f4xx_rcc.o(.text)
    RCC_MCO1Config                           0x080016ad   Thumb Code    28  stm32f4xx_rcc.o(.text)
    RCC_MCO2Config                           0x080016c9   Thumb Code    28  stm32f4xx_rcc.o(.text)
    RCC_SYSCLKConfig                         0x080016e5   Thumb Code    20  stm32f4xx_rcc.o(.text)
    RCC_GetSYSCLKSource                      0x080016f9   Thumb Code    12  stm32f4xx_rcc.o(.text)
    RCC_HCLKConfig                           0x08001705   Thumb Code    20  stm32f4xx_rcc.o(.text)
    RCC_PCLK1Config                          0x08001719   Thumb Code    20  stm32f4xx_rcc.o(.text)
    RCC_PCLK2Config                          0x0800172d   Thumb Code    22  stm32f4xx_rcc.o(.text)
    RCC_GetClocksFreq                        0x08001743   Thumb Code   222  stm32f4xx_rcc.o(.text)
    RCC_RTCCLKConfig                         0x08001821   Thumb Code    54  stm32f4xx_rcc.o(.text)
    RCC_RTCCLKCmd                            0x08001857   Thumb Code     8  stm32f4xx_rcc.o(.text)
    RCC_BackupResetCmd                       0x0800185f   Thumb Code     8  stm32f4xx_rcc.o(.text)
    RCC_I2SCLKConfig                         0x08001867   Thumb Code     6  stm32f4xx_rcc.o(.text)
    RCC_SAIPLLI2SClkDivConfig                0x0800186d   Thumb Code    26  stm32f4xx_rcc.o(.text)
    RCC_SAIPLLSAIClkDivConfig                0x08001887   Thumb Code    28  stm32f4xx_rcc.o(.text)
    RCC_SAIBlockACLKConfig                   0x080018a3   Thumb Code    20  stm32f4xx_rcc.o(.text)
    RCC_SAIBlockBCLKConfig                   0x080018b7   Thumb Code    20  stm32f4xx_rcc.o(.text)
    RCC_LTDCCLKDivConfig                     0x080018cb   Thumb Code    20  stm32f4xx_rcc.o(.text)
    RCC_TIMCLKPresConfig                     0x080018df   Thumb Code     6  stm32f4xx_rcc.o(.text)
    RCC_AHB1PeriphClockCmd                   0x080018e5   Thumb Code    34  stm32f4xx_rcc.o(.text)
    RCC_AHB2PeriphClockCmd                   0x08001907   Thumb Code    78  stm32f4xx_rcc.o(.text)
    RCC_AHB3PeriphClockCmd                   0x08001955   Thumb Code    34  stm32f4xx_rcc.o(.text)
    RCC_APB1PeriphClockCmd                   0x08001977   Thumb Code    34  stm32f4xx_rcc.o(.text)
    RCC_APB2PeriphClockCmd                   0x08001999   Thumb Code    34  stm32f4xx_rcc.o(.text)
    RCC_AHB1PeriphResetCmd                   0x080019bb   Thumb Code    34  stm32f4xx_rcc.o(.text)
    RCC_AHB2PeriphResetCmd                   0x080019dd   Thumb Code    34  stm32f4xx_rcc.o(.text)
    RCC_AHB3PeriphResetCmd                   0x080019ff   Thumb Code    34  stm32f4xx_rcc.o(.text)
    RCC_APB1PeriphResetCmd                   0x08001a21   Thumb Code    34  stm32f4xx_rcc.o(.text)
    RCC_APB2PeriphResetCmd                   0x08001a43   Thumb Code    34  stm32f4xx_rcc.o(.text)
    RCC_AHB1PeriphClockLPModeCmd             0x08001a65   Thumb Code    34  stm32f4xx_rcc.o(.text)
    RCC_AHB2PeriphClockLPModeCmd             0x08001a87   Thumb Code    34  stm32f4xx_rcc.o(.text)
    RCC_AHB3PeriphClockLPModeCmd             0x08001aa9   Thumb Code    34  stm32f4xx_rcc.o(.text)
    RCC_APB1PeriphClockLPModeCmd             0x08001acb   Thumb Code    34  stm32f4xx_rcc.o(.text)
    RCC_APB2PeriphClockLPModeCmd             0x08001aed   Thumb Code    34  stm32f4xx_rcc.o(.text)
    RCC_LSEModeConfig                        0x08001b0f   Thumb Code    40  stm32f4xx_rcc.o(.text)
    RCC_ITConfig                             0x08001b37   Thumb Code    34  stm32f4xx_rcc.o(.text)
    RCC_ClearFlag                            0x08001b59   Thumb Code    18  stm32f4xx_rcc.o(.text)
    RCC_GetITStatus                          0x08001b6b   Thumb Code    22  stm32f4xx_rcc.o(.text)
    RCC_ClearITPendingBit                    0x08001b81   Thumb Code     8  stm32f4xx_rcc.o(.text)
    TIM_DeInit                               0x08001b8d   Thumb Code   346  stm32f4xx_tim.o(.text)
    TIM_TimeBaseInit                         0x08001ce7   Thumb Code   104  stm32f4xx_tim.o(.text)
    TIM_TimeBaseStructInit                   0x08001d4f   Thumb Code    18  stm32f4xx_tim.o(.text)
    TIM_PrescalerConfig                      0x08001d61   Thumb Code     6  stm32f4xx_tim.o(.text)
    TIM_CounterModeConfig                    0x08001d67   Thumb Code    18  stm32f4xx_tim.o(.text)
    TIM_SetCounter                           0x08001d79   Thumb Code     4  stm32f4xx_tim.o(.text)
    TIM_SetAutoreload                        0x08001d7d   Thumb Code     4  stm32f4xx_tim.o(.text)
    TIM_GetCounter                           0x08001d81   Thumb Code     6  stm32f4xx_tim.o(.text)
    TIM_GetPrescaler                         0x08001d87   Thumb Code     6  stm32f4xx_tim.o(.text)
    TIM_UpdateDisableConfig                  0x08001d8d   Thumb Code    24  stm32f4xx_tim.o(.text)
    TIM_UpdateRequestConfig                  0x08001da5   Thumb Code    24  stm32f4xx_tim.o(.text)
    TIM_ARRPreloadConfig                     0x08001dbd   Thumb Code    24  stm32f4xx_tim.o(.text)
    TIM_SelectOnePulseMode                   0x08001dd5   Thumb Code    18  stm32f4xx_tim.o(.text)
    TIM_SetClockDivision                     0x08001de7   Thumb Code    18  stm32f4xx_tim.o(.text)
    TIM_Cmd                                  0x08001df9   Thumb Code    24  stm32f4xx_tim.o(.text)
    TIM_OC1Init                              0x08001e11   Thumb Code   114  stm32f4xx_tim.o(.text)
    TIM_OC2Init                              0x08001e83   Thumb Code   154  stm32f4xx_tim.o(.text)
    TIM_OC3Init                              0x08001f1d   Thumb Code   204  stm32f4xx_tim.o(.text)
    TIM_OC4Init                              0x08001fe9   Thumb Code   112  stm32f4xx_tim.o(.text)
    TIM_OCStructInit                         0x08002059   Thumb Code    20  stm32f4xx_tim.o(.text)
    TIM_SelectOCxM                           0x0800206d   Thumb Code    86  stm32f4xx_tim.o(.text)
    TIM_SetCompare1                          0x080020c3   Thumb Code     4  stm32f4xx_tim.o(.text)
    TIM_SetCompare2                          0x080020c7   Thumb Code     4  stm32f4xx_tim.o(.text)
    TIM_SetCompare3                          0x080020cb   Thumb Code     4  stm32f4xx_tim.o(.text)
    TIM_SetCompare4                          0x080020cf   Thumb Code     4  stm32f4xx_tim.o(.text)
    TIM_ForcedOC1Config                      0x080020d3   Thumb Code    18  stm32f4xx_tim.o(.text)
    TIM_ForcedOC2Config                      0x080020e5   Thumb Code    26  stm32f4xx_tim.o(.text)
    TIM_ForcedOC3Config                      0x080020ff   Thumb Code    18  stm32f4xx_tim.o(.text)
    TIM_ForcedOC4Config                      0x08002111   Thumb Code    26  stm32f4xx_tim.o(.text)
    TIM_OC1PreloadConfig                     0x0800212b   Thumb Code    18  stm32f4xx_tim.o(.text)
    TIM_OC2PreloadConfig                     0x0800213d   Thumb Code    26  stm32f4xx_tim.o(.text)
    TIM_OC3PreloadConfig                     0x08002157   Thumb Code    18  stm32f4xx_tim.o(.text)
    TIM_OC4PreloadConfig                     0x08002169   Thumb Code    26  stm32f4xx_tim.o(.text)
    TIM_OC1FastConfig                        0x08002183   Thumb Code    18  stm32f4xx_tim.o(.text)
    TIM_OC2FastConfig                        0x08002195   Thumb Code    26  stm32f4xx_tim.o(.text)
    TIM_OC3FastConfig                        0x080021af   Thumb Code    18  stm32f4xx_tim.o(.text)
    TIM_OC4FastConfig                        0x080021c1   Thumb Code    26  stm32f4xx_tim.o(.text)
    TIM_ClearOC1Ref                          0x080021db   Thumb Code    18  stm32f4xx_tim.o(.text)
    TIM_ClearOC2Ref                          0x080021ed   Thumb Code    24  stm32f4xx_tim.o(.text)
    TIM_ClearOC3Ref                          0x08002205   Thumb Code    18  stm32f4xx_tim.o(.text)
    TIM_ClearOC4Ref                          0x08002217   Thumb Code    24  stm32f4xx_tim.o(.text)
    TIM_OC1PolarityConfig                    0x0800222f   Thumb Code    18  stm32f4xx_tim.o(.text)
    TIM_OC1NPolarityConfig                   0x08002241   Thumb Code    18  stm32f4xx_tim.o(.text)
    TIM_OC2PolarityConfig                    0x08002253   Thumb Code    26  stm32f4xx_tim.o(.text)
    TIM_OC2NPolarityConfig                   0x0800226d   Thumb Code    26  stm32f4xx_tim.o(.text)
    TIM_OC3PolarityConfig                    0x08002287   Thumb Code    26  stm32f4xx_tim.o(.text)
    TIM_OC3NPolarityConfig                   0x080022a1   Thumb Code    26  stm32f4xx_tim.o(.text)
    TIM_OC4PolarityConfig                    0x080022bb   Thumb Code    26  stm32f4xx_tim.o(.text)
    TIM_CCxCmd                               0x080022d5   Thumb Code    30  stm32f4xx_tim.o(.text)
    TIM_CCxNCmd                              0x080022f3   Thumb Code    30  stm32f4xx_tim.o(.text)
    TIM_SetIC4Prescaler                      0x08002311   Thumb Code    26  stm32f4xx_tim.o(.text)
    TIM_SetIC3Prescaler                      0x0800237b   Thumb Code    18  stm32f4xx_tim.o(.text)
    TIM_SetIC2Prescaler                      0x080023d5   Thumb Code    26  stm32f4xx_tim.o(.text)
    TIM_SetIC1Prescaler                      0x08002449   Thumb Code    18  stm32f4xx_tim.o(.text)
    TIM_ICInit                               0x08002495   Thumb Code   110  stm32f4xx_tim.o(.text)
    TIM_ICStructInit                         0x08002503   Thumb Code    18  stm32f4xx_tim.o(.text)
    TIM_PWMIConfig                           0x08002515   Thumb Code   124  stm32f4xx_tim.o(.text)
    TIM_GetCapture1                          0x08002591   Thumb Code     6  stm32f4xx_tim.o(.text)
    TIM_GetCapture2                          0x08002597   Thumb Code     6  stm32f4xx_tim.o(.text)
    TIM_GetCapture3                          0x0800259d   Thumb Code     6  stm32f4xx_tim.o(.text)
    TIM_GetCapture4                          0x080025a3   Thumb Code     6  stm32f4xx_tim.o(.text)
    TIM_BDTRConfig                           0x080025a9   Thumb Code    32  stm32f4xx_tim.o(.text)
    TIM_BDTRStructInit                       0x080025c9   Thumb Code    18  stm32f4xx_tim.o(.text)
    TIM_CtrlPWMOutputs                       0x080025db   Thumb Code    30  stm32f4xx_tim.o(.text)
    TIM_SelectCOM                            0x080025f9   Thumb Code    24  stm32f4xx_tim.o(.text)
    TIM_CCPreloadControl                     0x08002611   Thumb Code    24  stm32f4xx_tim.o(.text)
    TIM_ITConfig                             0x08002629   Thumb Code    18  stm32f4xx_tim.o(.text)
    TIM_GenerateEvent                        0x0800263b   Thumb Code     4  stm32f4xx_tim.o(.text)
    TIM_GetFlagStatus                        0x0800263f   Thumb Code    18  stm32f4xx_tim.o(.text)
    TIM_ClearFlag                            0x08002651   Thumb Code     6  stm32f4xx_tim.o(.text)
    TIM_GetITStatus                          0x08002657   Thumb Code    34  stm32f4xx_tim.o(.text)
    TIM_ClearITPendingBit                    0x08002679   Thumb Code     6  stm32f4xx_tim.o(.text)
    TIM_DMAConfig                            0x0800267f   Thumb Code    10  stm32f4xx_tim.o(.text)
    TIM_DMACmd                               0x08002689   Thumb Code    18  stm32f4xx_tim.o(.text)
    TIM_SelectCCDMA                          0x0800269b   Thumb Code    24  stm32f4xx_tim.o(.text)
    TIM_InternalClockConfig                  0x080026b3   Thumb Code    12  stm32f4xx_tim.o(.text)
    TIM_SelectInputTrigger                   0x080026bf   Thumb Code    18  stm32f4xx_tim.o(.text)
    TIM_ITRxExternalClockConfig              0x080026d1   Thumb Code    24  stm32f4xx_tim.o(.text)
    TIM_TIxExternalClockConfig               0x080026e9   Thumb Code    62  stm32f4xx_tim.o(.text)
    TIM_ETRConfig                            0x08002727   Thumb Code    28  stm32f4xx_tim.o(.text)
    TIM_ETRClockMode1Config                  0x08002743   Thumb Code    54  stm32f4xx_tim.o(.text)
    TIM_ETRClockMode2Config                  0x08002779   Thumb Code    32  stm32f4xx_tim.o(.text)
    TIM_SelectOutputTrigger                  0x08002799   Thumb Code    18  stm32f4xx_tim.o(.text)
    TIM_SelectSlaveMode                      0x080027ab   Thumb Code    18  stm32f4xx_tim.o(.text)
    TIM_SelectMasterSlaveMode                0x080027bd   Thumb Code    18  stm32f4xx_tim.o(.text)
    TIM_EncoderInterfaceConfig               0x080027cf   Thumb Code    66  stm32f4xx_tim.o(.text)
    TIM_SelectHallSensor                     0x08002811   Thumb Code    24  stm32f4xx_tim.o(.text)
    TIM_RemapConfig                          0x08002829   Thumb Code     6  stm32f4xx_tim.o(.text)
    USART_DeInit                             0x08002831   Thumb Code   206  stm32f4xx_usart.o(.text)
    USART_Init                               0x080028ff   Thumb Code   204  stm32f4xx_usart.o(.text)
    USART_StructInit                         0x080029cb   Thumb Code    24  stm32f4xx_usart.o(.text)
    USART_ClockInit                          0x080029e3   Thumb Code    32  stm32f4xx_usart.o(.text)
    USART_ClockStructInit                    0x08002a03   Thumb Code    12  stm32f4xx_usart.o(.text)
    USART_Cmd                                0x08002a0f   Thumb Code    24  stm32f4xx_usart.o(.text)
    USART_SetPrescaler                       0x08002a27   Thumb Code    16  stm32f4xx_usart.o(.text)
    USART_OverSampling8Cmd                   0x08002a37   Thumb Code    22  stm32f4xx_usart.o(.text)
    USART_OneBitMethodCmd                    0x08002a4d   Thumb Code    24  stm32f4xx_usart.o(.text)
    USART_SendData                           0x08002a65   Thumb Code     8  stm32f4xx_usart.o(.text)
    USART_ReceiveData                        0x08002a6d   Thumb Code    10  stm32f4xx_usart.o(.text)
    USART_SetAddress                         0x08002a77   Thumb Code    18  stm32f4xx_usart.o(.text)
    USART_ReceiverWakeUpCmd                  0x08002a89   Thumb Code    24  stm32f4xx_usart.o(.text)
    USART_WakeUpConfig                       0x08002aa1   Thumb Code    18  stm32f4xx_usart.o(.text)
    USART_LINBreakDetectLengthConfig         0x08002ab3   Thumb Code    18  stm32f4xx_usart.o(.text)
    USART_LINCmd                             0x08002ac5   Thumb Code    24  stm32f4xx_usart.o(.text)
    USART_SendBreak                          0x08002add   Thumb Code    10  stm32f4xx_usart.o(.text)
    USART_HalfDuplexCmd                      0x08002ae7   Thumb Code    24  stm32f4xx_usart.o(.text)
    USART_SetGuardTime                       0x08002aff   Thumb Code    16  stm32f4xx_usart.o(.text)
    USART_SmartCardCmd                       0x08002b0f   Thumb Code    24  stm32f4xx_usart.o(.text)
    USART_SmartCardNACKCmd                   0x08002b27   Thumb Code    24  stm32f4xx_usart.o(.text)
    USART_IrDAConfig                         0x08002b3f   Thumb Code    18  stm32f4xx_usart.o(.text)
    USART_IrDACmd                            0x08002b51   Thumb Code    24  stm32f4xx_usart.o(.text)
    USART_DMACmd                             0x08002b69   Thumb Code    18  stm32f4xx_usart.o(.text)
    USART_ITConfig                           0x08002b7b   Thumb Code    74  stm32f4xx_usart.o(.text)
    USART_GetFlagStatus                      0x08002bc5   Thumb Code    26  stm32f4xx_usart.o(.text)
    USART_ClearFlag                          0x08002bdf   Thumb Code    18  stm32f4xx_usart.o(.text)
    USART_GetITStatus                        0x08002bf1   Thumb Code   118  stm32f4xx_usart.o(.text)
    USART_ClearITPendingBit                  0x08002c67   Thumb Code    30  stm32f4xx_usart.o(.text)
    TM_GPIO_GetPortSource                    0x08002c85   Thumb Code    14  tm_stm32f4_gpio.o(.text)
    TM_GPIO_INT_Init                         0x08002c93   Thumb Code   170  tm_stm32f4_gpio.o(.text)
    TM_GPIO_INT_EnableClock                  0x08002d3d   Thumb Code    28  tm_stm32f4_gpio.o(.text)
    TM_GPIO_Init                             0x08002d59   Thumb Code    48  tm_stm32f4_gpio.o(.text)
    TM_GPIO_InitAlternate                    0x08002d89   Thumb Code   110  tm_stm32f4_gpio.o(.text)
    TM_GPIO_DeInit                           0x08002df7   Thumb Code    66  tm_stm32f4_gpio.o(.text)
    TM_GPIO_SetPinAsInput                    0x08002e39   Thumb Code    38  tm_stm32f4_gpio.o(.text)
    TM_GPIO_SetPinAsOutput                   0x08002e5f   Thumb Code    46  tm_stm32f4_gpio.o(.text)
    TM_GPIO_SetPinAsAnalog                   0x08002e8d   Thumb Code    38  tm_stm32f4_gpio.o(.text)
    TM_GPIO_SetPinAsAlternate                0x08002eb3   Thumb Code    50  tm_stm32f4_gpio.o(.text)
    TM_GPIO_SetPullResistor                  0x08002ee5   Thumb Code    50  tm_stm32f4_gpio.o(.text)
    TM_GPIO_Lock                             0x08002f17   Thumb Code    16  tm_stm32f4_gpio.o(.text)
    TM_GPIO_GetPinSource                     0x08002f27   Thumb Code    18  tm_stm32f4_gpio.o(.text)
    TM_GPIO_INT_DisableClock                 0x08002f39   Thumb Code    26  tm_stm32f4_gpio.o(.text)
    TM_GPIO_GetUsedPins                      0x08002f53   Thumb Code    18  tm_stm32f4_gpio.o(.text)
    TM_GPIO_GetFreePins                      0x08002f65   Thumb Code    22  tm_stm32f4_gpio.o(.text)
    USART_Putc                               0x08002f85   Thumb Code    26  usart.o(.text)
    fputc                                    0x08002f9f   Thumb Code    18  usart.o(.text)
    USART_INT_GetSubPriority                 0x08002fb1   Thumb Code    52  usart.o(.text)
    USART6_InitPins                          0x08002fe5   Thumb Code   106  usart.o(.text)
    UART5_InitPins                           0x0800304f   Thumb Code    78  usart.o(.text)
    UART4_InitPins                           0x0800309d   Thumb Code   106  usart.o(.text)
    USART3_InitPins                          0x08003107   Thumb Code   154  usart.o(.text)
    USART2_InitPins                          0x080031a1   Thumb Code   104  usart.o(.text)
    USART1_InitPins                          0x08003209   Thumb Code   104  usart.o(.text)
    USARTx_Init                              0x08003271   Thumb Code   418  usart.o(.text)
    USART_INT_GetUsart                       0x08003413   Thumb Code    52  usart.o(.text)
    USART_Getc                               0x08003447   Thumb Code    54  usart.o(.text)
    USART_BufferFull                         0x0800347d   Thumb Code    28  usart.o(.text)
    USART_FindCharacter                      0x08003499   Thumb Code    58  usart.o(.text)
    USART_BufferEmpty                        0x080034d3   Thumb Code    24  usart.o(.text)
    USART_Gets                               0x080034eb   Thumb Code    82  usart.o(.text)
    USART_ClearBuffer                        0x0800353d   Thumb Code    22  usart.o(.text)
    USART_Puts                               0x08003553   Thumb Code    26  usart.o(.text)
    USART_INT_InsertToBuffer                 0x0800356d   Thumb Code    44  usart.o(.text)
    USART1_IRQHandler                        0x08003599   Thumb Code    28  usart.o(.text)
    USART2_IRQHandler                        0x080035b5   Thumb Code    30  usart.o(.text)
    USART3_IRQHandler                        0x080035d3   Thumb Code   110  usart.o(.text)
    UART4_IRQHandler                         0x08003641   Thumb Code    30  usart.o(.text)
    UART5_IRQHandler                         0x0800365f   Thumb Code    28  usart.o(.text)
    USART6_IRQHandler                        0x0800367b   Thumb Code    30  usart.o(.text)
    TM_I2C_InitCustomPinsCallback            0x080036dd   Thumb Code     2  tm_stm32f4_i2c.o(.text)
    TM_I2C_Init                              0x080037eb   Thumb Code   254  tm_stm32f4_i2c.o(.text)
    TM_I2C_ReadNack                          0x080038e9   Thumb Code    66  tm_stm32f4_i2c.o(.text)
    TM_I2C_Start                             0x0800392b   Thumb Code   168  tm_stm32f4_i2c.o(.text)
    TM_I2C_Stop                              0x080039d3   Thumb Code    60  tm_stm32f4_i2c.o(.text)
    TM_I2C_WriteData                         0x08003a0f   Thumb Code    40  tm_stm32f4_i2c.o(.text)
    TM_I2C_Read                              0x08003a37   Thumb Code    62  tm_stm32f4_i2c.o(.text)
    TM_I2C_ReadAck                           0x08003a75   Thumb Code    58  tm_stm32f4_i2c.o(.text)
    TM_I2C_ReadMulti                         0x08003aaf   Thumb Code   136  tm_stm32f4_i2c.o(.text)
    TM_I2C_ReadNoRegister                    0x08003b37   Thumb Code    30  tm_stm32f4_i2c.o(.text)
    TM_I2C_ReadMultiNoRegister               0x08003b55   Thumb Code    60  tm_stm32f4_i2c.o(.text)
    TM_I2C_Write                             0x08003b91   Thumb Code    50  tm_stm32f4_i2c.o(.text)
    TM_I2C_WriteMulti                        0x08003bc3   Thumb Code    72  tm_stm32f4_i2c.o(.text)
    TM_I2C_WriteNoRegister                   0x08003c0b   Thumb Code    36  tm_stm32f4_i2c.o(.text)
    TM_I2C_WriteMultiNoRegister              0x08003c2f   Thumb Code    56  tm_stm32f4_i2c.o(.text)
    TM_I2C_IsDeviceConnected                 0x08003c67   Thumb Code    34  tm_stm32f4_i2c.o(.text)
    SysTick_Handler                          0x08003c89   Thumb Code   162  tm_stm32f4_delay.o(.text)
    TM_DELAY_Init                            0x08003d2b   Thumb Code   108  tm_stm32f4_delay.o(.text)
    TM_DELAY_EnableDelayTimer                0x08003d97   Thumb Code    28  tm_stm32f4_delay.o(.text)
    TM_DELAY_DisableDelayTimer               0x08003db3   Thumb Code    18  tm_stm32f4_delay.o(.text)
    TM_DELAY_TimerCreate                     0x08003dc5   Thumb Code    90  tm_stm32f4_delay.o(.text)
    TM_DELAY_TimerDelete                     0x08003e1f   Thumb Code   126  tm_stm32f4_delay.o(.text)
    TM_DELAY_TimerStop                       0x08003e9d   Thumb Code     6  tm_stm32f4_delay.o(.text)
    TM_DELAY_TimerStart                      0x08003ea3   Thumb Code     6  tm_stm32f4_delay.o(.text)
    TM_DELAY_TimerReset                      0x08003ea9   Thumb Code     6  tm_stm32f4_delay.o(.text)
    TM_DELAY_TimerAutoReload                 0x08003eaf   Thumb Code     4  tm_stm32f4_delay.o(.text)
    TM_DELAY_TimerAutoReloadValue            0x08003eb3   Thumb Code     4  tm_stm32f4_delay.o(.text)
    output_GPIOD                             0x08003f17   Thumb Code    46  dht11.o(.text)
    input_GPIOD                              0x08003f45   Thumb Code    46  dht11.o(.text)
    start_signal                             0x08003f73   Thumb Code    50  dht11.o(.text)
    Read_Byte                                0x08003fa5   Thumb Code    72  dht11.o(.text)
    get_data                                 0x08003fed   Thumb Code   118  dht11.o(.text)
    Humd_int                                 0x08004063   Thumb Code     6  dht11.o(.text)
    Humd_float                               0x08004069   Thumb Code     6  dht11.o(.text)
    Temp_int                                 0x0800406f   Thumb Code     6  dht11.o(.text)
    Temp_float                               0x08004075   Thumb Code     6  dht11.o(.text)
    malloc                                   0x08004089   Thumb Code    94  h1_alloc.o(.text)
    free                                     0x080040e7   Thumb Code    78  h1_free.o(.text)
    sprintf                                  0x08004135   Thumb Code    38  sprintf.o(.text)
    __2sprintf                               0x08004161   Thumb Code    38  __2sprintf.o(.text)
    _printf_str                              0x0800418d   Thumb Code    82  _printf_str.o(.text)
    _printf_int_dec                          0x080041e1   Thumb Code   104  _printf_dec.o(.text)
    __printf                                 0x08004259   Thumb Code   388  __printf_flags_ss_wp.o(.text)
    atoi                                     0x080043e1   Thumb Code    26  atoi.o(.text)
    strtok                                   0x080043fd   Thumb Code     6  strtok.o(.text)
    strstr                                   0x08004409   Thumb Code    36  strstr.o(.text)
    strcpy                                   0x0800442d   Thumb Code    72  strcpy.o(.text)
    __aeabi_memclr                           0x08004475   Thumb Code     0  rt_memclr.o(.text)
    __rt_memclr                              0x08004475   Thumb Code    68  rt_memclr.o(.text)
    _memset                                  0x08004479   Thumb Code     0  rt_memclr.o(.text)
    __aeabi_memclr4                          0x080044b9   Thumb Code     0  rt_memclr_w.o(.text)
    __aeabi_memclr8                          0x080044b9   Thumb Code     0  rt_memclr_w.o(.text)
    __rt_memclr_w                            0x080044b9   Thumb Code    78  rt_memclr_w.o(.text)
    _memset_w                                0x080044bd   Thumb Code     0  rt_memclr_w.o(.text)
    __use_two_region_memory                  0x08004507   Thumb Code     2  heapauxi.o(.text)
    __rt_heap_escrow                         0x08004509   Thumb Code     2  heapauxi.o(.text)
    __rt_heap_expand                         0x0800450b   Thumb Code     2  heapauxi.o(.text)
    __rt_heap_descriptor                     0x0800450d   Thumb Code     8  rt_heap_descriptor_intlibspace.o(.text)
    __aeabi_errno_addr                       0x08004515   Thumb Code     8  rt_errno_addr_intlibspace.o(.text)
    __errno$intlibspace                      0x08004515   Thumb Code     0  rt_errno_addr_intlibspace.o(.text)
    __rt_errno_addr$intlibspace              0x08004515   Thumb Code     0  rt_errno_addr_intlibspace.o(.text)
    __use_no_heap                            0x0800451d   Thumb Code     2  hguard.o(.text)
    __heap$guard                             0x0800451f   Thumb Code     2  hguard.o(.text)
    _terminate_user_alloc                    0x08004521   Thumb Code     2  init_alloc.o(.text)
    _init_user_alloc                         0x08004523   Thumb Code     2  init_alloc.o(.text)
    __Heap_Full                              0x08004525   Thumb Code    34  init_alloc.o(.text)
    __Heap_Broken                            0x08004547   Thumb Code     6  init_alloc.o(.text)
    _init_alloc                              0x0800454d   Thumb Code    94  init_alloc.o(.text)
    __Heap_Initialize                        0x080045ab   Thumb Code    10  h1_init.o(.text)
    __Heap_DescSize                          0x080045b5   Thumb Code     4  h1_init.o(.text)
    _printf_pre_padding                      0x080045b9   Thumb Code    44  _printf_pad.o(.text)
    _printf_post_padding                     0x080045e5   Thumb Code    34  _printf_pad.o(.text)
    _printf_truncate_signed                  0x08004607   Thumb Code    18  _printf_truncate.o(.text)
    _printf_truncate_unsigned                0x08004619   Thumb Code    18  _printf_truncate.o(.text)
    _printf_int_common                       0x0800462b   Thumb Code   178  _printf_intcommon.o(.text)
    _printf_charcount                        0x080046dd   Thumb Code    40  _printf_charcount.o(.text)
    _printf_char_common                      0x0800470f   Thumb Code    32  _printf_char_common.o(.text)
    _sputc                                   0x08004735   Thumb Code    10  _sputc.o(.text)
    _printf_cs_common                        0x0800473f   Thumb Code    20  _printf_char.o(.text)
    _printf_char                             0x08004753   Thumb Code    16  _printf_char.o(.text)
    _printf_string                           0x08004763   Thumb Code     8  _printf_char.o(.text)
    _printf_wctomb                           0x0800476d   Thumb Code   182  _printf_wctomb.o(.text)
    _printf_longlong_dec                     0x08004829   Thumb Code   108  _printf_longlong_dec.o(.text)
    _printf_longlong_oct                     0x080048a5   Thumb Code    66  _printf_oct_int_ll.o(.text)
    _printf_int_oct                          0x080048e7   Thumb Code    24  _printf_oct_int_ll.o(.text)
    _printf_ll_oct                           0x080048ff   Thumb Code    12  _printf_oct_int_ll.o(.text)
    _printf_longlong_hex                     0x08004915   Thumb Code    86  _printf_hex_int_ll_ptr.o(.text)
    _printf_int_hex                          0x0800496b   Thumb Code    28  _printf_hex_int_ll_ptr.o(.text)
    _printf_ll_hex                           0x08004987   Thumb Code    12  _printf_hex_int_ll_ptr.o(.text)
    _printf_hex_ptr                          0x08004993   Thumb Code    18  _printf_hex_int_ll_ptr.o(.text)
    strtol                                   0x080049a9   Thumb Code   112  strtol.o(.text)
    __strtok_internal                        0x08004a19   Thumb Code    64  strtok_int.o(.text)
    __user_libspace                          0x08004a5d   Thumb Code     8  libspace.o(.text)
    __user_perproc_libspace                  0x08004a5d   Thumb Code     0  libspace.o(.text)
    __user_perthread_libspace                0x08004a5d   Thumb Code     0  libspace.o(.text)
    __rt_ctype_table                         0x08004a65   Thumb Code    16  rt_ctype_table.o(.text)
    __Heap_ProvideMemory                     0x08004a75   Thumb Code    52  h1_extend.o(.text)
    _ll_udiv10                               0x08004aa9   Thumb Code   138  lludiv10.o(.text)
    __lib_sel_fp_printf                      0x08004b33   Thumb Code     2  _printf_fp_dec.o(.text)
    _printf_fp_dec_real                      0x08004ce1   Thumb Code   620  _printf_fp_dec.o(.text)
    _printf_fp_hex_real                      0x08004f4d   Thumb Code   756  _printf_fp_hex.o(.text)
    _printf_lcs_common                       0x08005249   Thumb Code    20  _printf_wchar.o(.text)
    _printf_wchar                            0x0800525d   Thumb Code    16  _printf_wchar.o(.text)
    _printf_wstring                          0x0800526d   Thumb Code     8  _printf_wchar.o(.text)
    _strtoul                                 0x08005275   Thumb Code   158  _strtoul.o(.text)
    _wcrtomb                                 0x08005313   Thumb Code    64  _wcrtomb.o(.text)
    __rt_SIGRTMEM                            0x08005353   Thumb Code    14  defsig_rtmem_outer.o(.text)
    strcspn                                  0x08005361   Thumb Code    32  strcspn.o(.text)
    strspn                                   0x08005381   Thumb Code    28  strspn.o(.text)
    __I$use$semihosting                      0x0800539d   Thumb Code     0  use_no_semi.o(.text)
    __use_no_semihosting_swi                 0x0800539d   Thumb Code     2  use_no_semi.o(.text)
    __semihosting_library_function           0x0800539f   Thumb Code     0  indicate_semi.o(.text)
    __user_setup_stackheap                   0x0800539f   Thumb Code    74  sys_stackheap_outer.o(.text)
    __rt_locale                              0x080053e9   Thumb Code     8  rt_locale_intlibspace.o(.text)
    _printf_fp_infnan                        0x080053f1   Thumb Code   112  _printf_fp_infnan.o(.text)
    _chval                                   0x08005471   Thumb Code    28  _chval.o(.text)
    _btod_etento                             0x0800548d   Thumb Code   216  bigflt0.o(.text)
    exit                                     0x08005569   Thumb Code    18  exit.o(.text)
    __sig_exit                               0x0800557b   Thumb Code    10  defsig_exit.o(.text)
    __rt_SIGRTMEM_inner                      0x08005585   Thumb Code    22  defsig_rtmem_inner.o(.text)
    _sys_exit                                0x080055d5   Thumb Code     8  sys_exit.o(.text)
    __default_signal_display                 0x080055e1   Thumb Code    50  defsig_general.o(.text)
    strcmp                                   0x08005615   Thumb Code   128  strcmpv7m.o(.text)
    _ttywrch                                 0x08005695   Thumb Code    14  sys_wrch.o(.text)
    _btod_d2e                                0x080056a3   Thumb Code    62  btod.o(CL$$btod_d2e)
    _d2e_denorm_low                          0x080056e1   Thumb Code    70  btod.o(CL$$btod_d2e_denorm_low)
    _d2e_norm_op1                            0x08005727   Thumb Code    96  btod.o(CL$$btod_d2e_norm_op1)
    __btod_div_common                        0x08005787   Thumb Code   696  btod.o(CL$$btod_div_common)
    _e2e                                     0x08005abf   Thumb Code   198  btod.o(CL$$btod_e2e)
    _btod_ediv                               0x08005b85   Thumb Code    40  btod.o(CL$$btod_ediv)
    _btod_emul                               0x08005bad   Thumb Code    40  btod.o(CL$$btod_emul)
    __btod_mult_common                       0x08005bd5   Thumb Code   580  btod.o(CL$$btod_mult_common)
    __ARM_fpclassify                         0x08005e19   Thumb Code    48  fpclassify.o(i.__ARM_fpclassify)
    _is_digit                                0x08005e49   Thumb Code    14  __printf_wp.o(i._is_digit)
    _get_lc_ctype                            0x08005e59   Thumb Code    44  lc_ctype_c.o(locale$$code)
    _get_lc_numeric                          0x08005e85   Thumb Code    44  lc_numeric_c.o(locale$$code)
    __aeabi_d2f                              0x08005eb1   Thumb Code     0  d2f.o(x$fpl$d2f)
    _d2f                                     0x08005eb1   Thumb Code    98  d2f.o(x$fpl$d2f)
    __aeabi_ddiv                             0x08005f15   Thumb Code     0  ddiv.o(x$fpl$ddiv)
    _ddiv                                    0x08005f15   Thumb Code   552  ddiv.o(x$fpl$ddiv)
    __fpl_dnaninf                            0x080061c5   Thumb Code   156  dnaninf.o(x$fpl$dnaninf)
    __fpl_dretinf                            0x08006261   Thumb Code    12  dretinf.o(x$fpl$dretinf)
    __aeabi_f2d                              0x0800626d   Thumb Code     0  f2d.o(x$fpl$f2d)
    _f2d                                     0x0800626d   Thumb Code    86  f2d.o(x$fpl$f2d)
    __fpl_fnaninf                            0x080062c3   Thumb Code   140  fnaninf.o(x$fpl$fnaninf)
    _fp_init                                 0x0800634f   Thumb Code    10  fpinit.o(x$fpl$fpinit)
    __fplib_config_fpu_vfp                   0x08006357   Thumb Code     0  fpinit.o(x$fpl$fpinit)
    __fplib_config_pureend_doubles           0x08006357   Thumb Code     0  fpinit.o(x$fpl$fpinit)
    __fpl_fretinf                            0x08006359   Thumb Code    10  fretinf.o(x$fpl$fretinf)
    _printf_fp_dec                           0x08006363   Thumb Code     4  printf1.o(x$fpl$printf1)
    _printf_fp_hex                           0x08006367   Thumb Code     4  printf2.o(x$fpl$printf2)
    __I$use$fp                               0x0800636a   Number         0  usenofp.o(x$fpl$usenofp)
    Region$$Table$$Base                      0x08006468   Number         0  anon$$obj.o(Region$$Table)
    Region$$Table$$Limit                     0x08006488   Number         0  anon$$obj.o(Region$$Table)
    __ctype                                  0x08006495   Data           0  lc_ctype_c.o(locale$$data)
    count                                    0x20000000   Data           4  main.o(.data)
    config_finish                            0x20000004   Data           4  main.o(.data)
    state                                    0x20000008   Data           1  main.o(.data)
    dht11                                    0x20000009   Data           5  main.o(.data)
    do_am                                    0x2000000e   Data          15  main.o(.data)
    nhiet_do                                 0x2000001d   Data          15  main.o(.data)
    anh_sang                                 0x2000002c   Data          15  main.o(.data)
    receive                                  0x2000003b   Data           2  main.o(.data)
    lux                                      0x2000003e   Data           2  main.o(.data)
    temp                                     0x20000040   Data           4  main.o(.data)
    pwm                                      0x20000044   Data           4  main.o(.data)
    get_c                                    0x20000048   Data           1  main.o(.data)
    answer                                   0x2000004c   Data           4  main.o(.data)
    sms                                      0x20000050   Data           1  main.o(.data)
    flag_sms                                 0x20000054   Data           4  main.o(.data)
    ON1                                      0x20000058   Data           4  main.o(.data)
    ON2                                      0x2000005c   Data           4  main.o(.data)
    OFF1                                     0x20000060   Data           5  main.o(.data)
    OFF2                                     0x20000065   Data           5  main.o(.data)
    request                                  0x2000006a   Data          71  main.o(.data)
    SystemCoreClock                          0x200000b4   Data           4  system_stm32f4xx.o(.data)
    AHBPrescTable                            0x200000b8   Data          16  system_stm32f4xx.o(.data)
    x                                        0x200000d8   Data           4  usart.o(.data)
    __stdout                                 0x200000dc   Data           4  usart.o(.data)
    F4_USART1                                0x200000e0   Data          12  usart.o(.data)
    F4_USART2                                0x200000ec   Data          12  usart.o(.data)
    F4_USART3                                0x200000f8   Data          12  usart.o(.data)
    F4_UART4                                 0x20000104   Data          12  usart.o(.data)
    F4_UART5                                 0x20000110   Data          12  usart.o(.data)
    F4_USART6                                0x2000011c   Data          12  usart.o(.data)
    GPIO_InitStruct                          0x20000128   Data           8  usart.o(.data)
    TM_TimingDelay                           0x20000140   Data           4  tm_stm32f4_delay.o(.data)
    TM_Time                                  0x20000144   Data           4  tm_stm32f4_delay.o(.data)
    TM_Time2                                 0x20000148   Data           4  tm_stm32f4_delay.o(.data)
    mult                                     0x2000014c   Data           4  tm_stm32f4_delay.o(.data)
    TM_DELAY_Initialized                     0x20000150   Data           1  tm_stm32f4_delay.o(.data)
    values                                   0x20000151   Data           5  dht11.o(.data)
    pwmString                                0x20000172   Data          20  usart.o(.bss)
    getString                                0x20000186   Data          20  usart.o(.bss)
    USART1_Buffer                            0x2000019a   Data          32  usart.o(.bss)
    USART2_Buffer                            0x200001ba   Data          32  usart.o(.bss)
    USART3_Buffer                            0x200001da   Data          32  usart.o(.bss)
    UART4_Buffer                             0x200001fa   Data          32  usart.o(.bss)
    UART5_Buffer                             0x2000021a   Data          32  usart.o(.bss)
    USART6_Buffer                            0x2000023a   Data          32  usart.o(.bss)
    __libspace_start                         0x20000274   Data          96  libspace.o(.bss)
    __temporary_stack_top$libspace           0x200002d4   Data           0  libspace.o(.bss)



==============================================================================

Memory Map of the image

  Image Entry point : 0x08000189

  Load Region LR_IROM1 (Base: 0x08000000, Size: 0x00006710, Max: 0x00100000, ABSOLUTE, COMPRESSED[0x00006658])

    Execution Region ER_IROM1 (Base: 0x08000000, Size: 0x000065b4, Max: 0x00100000, ABSOLUTE)

    Base Addr    Size         Type   Attr      Idx    E Section Name        Object

    0x08000000   0x00000188   Data   RO          256    RESET               startup_stm32f40_41xxx.o
    0x08000188   0x00000008   Code   RO         1075  * !!!main             c_w.l(__main.o)
    0x08000190   0x00000034   Code   RO         1448    !!!scatter          c_w.l(__scatter.o)
    0x080001c4   0x0000005a   Code   RO         1446    !!dczerorl2         c_w.l(__dczerorl2.o)
    0x0800021e   0x00000002   PAD
    0x08000220   0x0000001c   Code   RO         1450    !!handler_zi        c_w.l(__scatter_zi.o)
    0x0800023c   0x00000000   Code   RO         1055    .ARM.Collect$$_printf_percent$$00000000  c_w.l(_printf_percent.o)
    0x0800023c   0x00000006   Code   RO         1165    .ARM.Collect$$_printf_percent$$00000001  c_w.l(_printf_n.o)
    0x08000242   0x00000006   Code   RO         1167    .ARM.Collect$$_printf_percent$$00000002  c_w.l(_printf_p.o)
    0x08000248   0x00000006   Code   RO         1171    .ARM.Collect$$_printf_percent$$00000003  c_w.l(_printf_f.o)
    0x0800024e   0x00000006   Code   RO         1172    .ARM.Collect$$_printf_percent$$00000004  c_w.l(_printf_e.o)
    0x08000254   0x00000006   Code   RO         1173    .ARM.Collect$$_printf_percent$$00000005  c_w.l(_printf_g.o)
    0x0800025a   0x00000006   Code   RO         1174    .ARM.Collect$$_printf_percent$$00000006  c_w.l(_printf_a.o)
    0x08000260   0x0000000a   Code   RO         1179    .ARM.Collect$$_printf_percent$$00000007  c_w.l(_printf_ll.o)
    0x0800026a   0x00000006   Code   RO         1169    .ARM.Collect$$_printf_percent$$00000008  c_w.l(_printf_i.o)
    0x08000270   0x00000006   Code   RO         1054    .ARM.Collect$$_printf_percent$$00000009  c_w.l(_printf_d.o)
    0x08000276   0x00000006   Code   RO         1170    .ARM.Collect$$_printf_percent$$0000000A  c_w.l(_printf_u.o)
    0x0800027c   0x00000006   Code   RO         1168    .ARM.Collect$$_printf_percent$$0000000B  c_w.l(_printf_o.o)
    0x08000282   0x00000006   Code   RO         1166    .ARM.Collect$$_printf_percent$$0000000C  c_w.l(_printf_x.o)
    0x08000288   0x00000006   Code   RO         1176    .ARM.Collect$$_printf_percent$$0000000D  c_w.l(_printf_lli.o)
    0x0800028e   0x00000006   Code   RO         1177    .ARM.Collect$$_printf_percent$$0000000E  c_w.l(_printf_lld.o)
    0x08000294   0x00000006   Code   RO         1178    .ARM.Collect$$_printf_percent$$0000000F  c_w.l(_printf_llu.o)
    0x0800029a   0x00000006   Code   RO         1183    .ARM.Collect$$_printf_percent$$00000010  c_w.l(_printf_llo.o)
    0x080002a0   0x00000006   Code   RO         1184    .ARM.Collect$$_printf_percent$$00000011  c_w.l(_printf_llx.o)
    0x080002a6   0x0000000a   Code   RO         1180    .ARM.Collect$$_printf_percent$$00000012  c_w.l(_printf_l.o)
    0x080002b0   0x00000006   Code   RO         1164    .ARM.Collect$$_printf_percent$$00000013  c_w.l(_printf_c.o)
    0x080002b6   0x00000006   Code   RO         1053    .ARM.Collect$$_printf_percent$$00000014  c_w.l(_printf_s.o)
    0x080002bc   0x00000006   Code   RO         1181    .ARM.Collect$$_printf_percent$$00000015  c_w.l(_printf_lc.o)
    0x080002c2   0x00000006   Code   RO         1182    .ARM.Collect$$_printf_percent$$00000016  c_w.l(_printf_ls.o)
    0x080002c8   0x00000004   Code   RO         1175    .ARM.Collect$$_printf_percent$$00000017  c_w.l(_printf_percent_end.o)
    0x080002cc   0x00000002   Code   RO         1379    .ARM.Collect$$libinit$$00000000  c_w.l(libinit.o)
    0x080002ce   0x00000004   Code   RO         1193    .ARM.Collect$$libinit$$00000001  c_w.l(libinit2.o)
    0x080002d2   0x00000000   Code   RO         1196    .ARM.Collect$$libinit$$00000004  c_w.l(libinit2.o)
    0x080002d2   0x00000008   Code   RO         1197    .ARM.Collect$$libinit$$00000005  c_w.l(libinit2.o)
    0x080002da   0x00000000   Code   RO         1199    .ARM.Collect$$libinit$$0000000A  c_w.l(libinit2.o)
    0x080002da   0x00000000   Code   RO         1201    .ARM.Collect$$libinit$$0000000C  c_w.l(libinit2.o)
    0x080002da   0x00000000   Code   RO         1203    .ARM.Collect$$libinit$$0000000E  c_w.l(libinit2.o)
    0x080002da   0x00000006   Code   RO         1204    .ARM.Collect$$libinit$$0000000F  c_w.l(libinit2.o)
    0x080002e0   0x00000000   Code   RO         1206    .ARM.Collect$$libinit$$00000011  c_w.l(libinit2.o)
    0x080002e0   0x0000000c   Code   RO         1207    .ARM.Collect$$libinit$$00000012  c_w.l(libinit2.o)
    0x080002ec   0x00000000   Code   RO         1208    .ARM.Collect$$libinit$$00000013  c_w.l(libinit2.o)
    0x080002ec   0x00000000   Code   RO         1210    .ARM.Collect$$libinit$$00000015  c_w.l(libinit2.o)
    0x080002ec   0x0000000a   Code   RO         1211    .ARM.Collect$$libinit$$00000016  c_w.l(libinit2.o)
    0x080002f6   0x00000000   Code   RO         1212    .ARM.Collect$$libinit$$00000017  c_w.l(libinit2.o)
    0x080002f6   0x00000000   Code   RO         1214    .ARM.Collect$$libinit$$00000019  c_w.l(libinit2.o)
    0x080002f6   0x00000000   Code   RO         1216    .ARM.Collect$$libinit$$0000001B  c_w.l(libinit2.o)
    0x080002f6   0x00000000   Code   RO         1218    .ARM.Collect$$libinit$$0000001D  c_w.l(libinit2.o)
    0x080002f6   0x00000000   Code   RO         1220    .ARM.Collect$$libinit$$0000001F  c_w.l(libinit2.o)
    0x080002f6   0x00000000   Code   RO         1222    .ARM.Collect$$libinit$$00000021  c_w.l(libinit2.o)
    0x080002f6   0x00000000   Code   RO         1224    .ARM.Collect$$libinit$$00000023  c_w.l(libinit2.o)
    0x080002f6   0x00000000   Code   RO         1226    .ARM.Collect$$libinit$$00000025  c_w.l(libinit2.o)
    0x080002f6   0x00000000   Code   RO         1230    .ARM.Collect$$libinit$$0000002C  c_w.l(libinit2.o)
    0x080002f6   0x00000000   Code   RO         1232    .ARM.Collect$$libinit$$0000002E  c_w.l(libinit2.o)
    0x080002f6   0x00000000   Code   RO         1234    .ARM.Collect$$libinit$$00000030  c_w.l(libinit2.o)
    0x080002f6   0x00000000   Code   RO         1236    .ARM.Collect$$libinit$$00000032  c_w.l(libinit2.o)
    0x080002f6   0x00000002   Code   RO         1237    .ARM.Collect$$libinit$$00000033  c_w.l(libinit2.o)
    0x080002f8   0x00000002   Code   RO         1443    .ARM.Collect$$libshutdown$$00000000  c_w.l(libshutdown.o)
    0x080002fa   0x00000000   Code   RO         1399    .ARM.Collect$$libshutdown$$00000002  c_w.l(libshutdown2.o)
    0x080002fa   0x00000000   Code   RO         1401    .ARM.Collect$$libshutdown$$00000004  c_w.l(libshutdown2.o)
    0x080002fa   0x00000000   Code   RO         1404    .ARM.Collect$$libshutdown$$00000007  c_w.l(libshutdown2.o)
    0x080002fa   0x00000000   Code   RO         1407    .ARM.Collect$$libshutdown$$0000000A  c_w.l(libshutdown2.o)
    0x080002fa   0x00000000   Code   RO         1409    .ARM.Collect$$libshutdown$$0000000C  c_w.l(libshutdown2.o)
    0x080002fa   0x00000000   Code   RO         1412    .ARM.Collect$$libshutdown$$0000000F  c_w.l(libshutdown2.o)
    0x080002fa   0x00000002   Code   RO         1413    .ARM.Collect$$libshutdown$$00000010  c_w.l(libshutdown2.o)
    0x080002fc   0x00000000   Code   RO         1087    .ARM.Collect$$rtentry$$00000000  c_w.l(__rtentry.o)
    0x080002fc   0x00000000   Code   RO         1261    .ARM.Collect$$rtentry$$00000002  c_w.l(__rtentry2.o)
    0x080002fc   0x00000006   Code   RO         1273    .ARM.Collect$$rtentry$$00000004  c_w.l(__rtentry4.o)
    0x08000302   0x00000000   Code   RO         1263    .ARM.Collect$$rtentry$$00000009  c_w.l(__rtentry2.o)
    0x08000302   0x00000004   Code   RO         1264    .ARM.Collect$$rtentry$$0000000A  c_w.l(__rtentry2.o)
    0x08000306   0x00000000   Code   RO         1266    .ARM.Collect$$rtentry$$0000000C  c_w.l(__rtentry2.o)
    0x08000306   0x00000008   Code   RO         1267    .ARM.Collect$$rtentry$$0000000D  c_w.l(__rtentry2.o)
    0x0800030e   0x00000002   Code   RO         1386    .ARM.Collect$$rtexit$$00000000  c_w.l(rtexit.o)
    0x08000310   0x00000000   Code   RO         1417    .ARM.Collect$$rtexit$$00000002  c_w.l(rtexit2.o)
    0x08000310   0x00000004   Code   RO         1418    .ARM.Collect$$rtexit$$00000003  c_w.l(rtexit2.o)
    0x08000314   0x00000006   Code   RO         1419    .ARM.Collect$$rtexit$$00000004  c_w.l(rtexit2.o)
    0x0800031a   0x00000002   PAD
    0x0800031c   0x00000000   Code   RO         1279    .emb_text           c_w.l(maybetermalloc1.o)
    0x0800031c   0x000007e0   Code   RO            3    .text               main.o
    0x08000afc   0x00000018   Code   RO          178    .text               stm32f4xx_it.o
    0x08000b14   0x00000210   Code   RO          230    .text               system_stm32f4xx.o
    0x08000d24   0x00000040   Code   RO          257    .text               startup_stm32f40_41xxx.o
    0x08000d64   0x000000e0   Code   RO          263    .text               misc.o
    0x08000e44   0x00000294   Code   RO          486    .text               stm32f4xx_gpio.o
    0x080010d8   0x00000456   Code   RO          506    .text               stm32f4xx_i2c.o
    0x0800152e   0x00000002   PAD
    0x08001530   0x0000065c   Code   RO          566    .text               stm32f4xx_rcc.o
    0x08001b8c   0x00000ca2   Code   RO          688    .text               stm32f4xx_tim.o
    0x0800282e   0x00000002   PAD
    0x08002830   0x00000454   Code   RO          708    .text               stm32f4xx_usart.o
    0x08002c84   0x00000300   Code   RO          766    .text               tm_stm32f4_gpio.o
    0x08002f84   0x00000758   Code   RO          788    .text               usart.o
    0x080036dc   0x000005ac   Code   RO          817    .text               tm_stm32f4_i2c.o
    0x08003c88   0x00000258   Code   RO          839    .text               tm_stm32f4_delay.o
    0x08003ee0   0x000001a8   Code   RO          936    .text               dht11.o
    0x08004088   0x0000005e   Code   RO          963    .text               c_w.l(h1_alloc.o)
    0x080040e6   0x0000004e   Code   RO          965    .text               c_w.l(h1_free.o)
    0x08004134   0x0000002c   Code   RO         1021    .text               c_w.l(sprintf.o)
    0x08004160   0x0000002c   Code   RO         1023    .text               c_w.l(__2sprintf.o)
    0x0800418c   0x00000052   Code   RO         1029    .text               c_w.l(_printf_str.o)
    0x080041de   0x00000002   PAD
    0x080041e0   0x00000078   Code   RO         1031    .text               c_w.l(_printf_dec.o)
    0x08004258   0x00000188   Code   RO         1050    .text               c_w.l(__printf_flags_ss_wp.o)
    0x080043e0   0x0000001a   Code   RO         1056    .text               c_w.l(atoi.o)
    0x080043fa   0x00000002   PAD
    0x080043fc   0x0000000c   Code   RO         1058    .text               c_w.l(strtok.o)
    0x08004408   0x00000024   Code   RO         1061    .text               c_w.l(strstr.o)
    0x0800442c   0x00000048   Code   RO         1063    .text               c_w.l(strcpy.o)
    0x08004474   0x00000044   Code   RO         1069    .text               c_w.l(rt_memclr.o)
    0x080044b8   0x0000004e   Code   RO         1071    .text               c_w.l(rt_memclr_w.o)
    0x08004506   0x00000006   Code   RO         1073    .text               c_w.l(heapauxi.o)
    0x0800450c   0x00000008   Code   RO         1091    .text               c_w.l(rt_heap_descriptor_intlibspace.o)
    0x08004514   0x00000008   Code   RO         1096    .text               c_w.l(rt_errno_addr_intlibspace.o)
    0x0800451c   0x00000004   Code   RO         1098    .text               c_w.l(hguard.o)
    0x08004520   0x0000008a   Code   RO         1100    .text               c_w.l(init_alloc.o)
    0x080045aa   0x0000000e   Code   RO         1104    .text               c_w.l(h1_init.o)
    0x080045b8   0x0000004e   Code   RO         1118    .text               c_w.l(_printf_pad.o)
    0x08004606   0x00000024   Code   RO         1120    .text               c_w.l(_printf_truncate.o)
    0x0800462a   0x000000b2   Code   RO         1122    .text               c_w.l(_printf_intcommon.o)
    0x080046dc   0x00000028   Code   RO         1124    .text               c_w.l(_printf_charcount.o)
    0x08004704   0x00000030   Code   RO         1126    .text               c_w.l(_printf_char_common.o)
    0x08004734   0x0000000a   Code   RO         1128    .text               c_w.l(_sputc.o)
    0x0800473e   0x0000002c   Code   RO         1130    .text               c_w.l(_printf_char.o)
    0x0800476a   0x00000002   PAD
    0x0800476c   0x000000bc   Code   RO         1132    .text               c_w.l(_printf_wctomb.o)
    0x08004828   0x0000007c   Code   RO         1135    .text               c_w.l(_printf_longlong_dec.o)
    0x080048a4   0x00000070   Code   RO         1141    .text               c_w.l(_printf_oct_int_ll.o)
    0x08004914   0x00000094   Code   RO         1161    .text               c_w.l(_printf_hex_int_ll_ptr.o)
    0x080049a8   0x00000070   Code   RO         1185    .text               c_w.l(strtol.o)
    0x08004a18   0x00000044   Code   RO         1187    .text               c_w.l(strtok_int.o)
    0x08004a5c   0x00000008   Code   RO         1257    .text               c_w.l(libspace.o)
    0x08004a64   0x00000010   Code   RO         1275    .text               c_w.l(rt_ctype_table.o)
    0x08004a74   0x00000034   Code   RO         1281    .text               c_w.l(h1_extend.o)
    0x08004aa8   0x0000008a   Code   RO         1285    .text               c_w.l(lludiv10.o)
    0x08004b32   0x0000041a   Code   RO         1287    .text               c_w.l(_printf_fp_dec.o)
    0x08004f4c   0x000002fc   Code   RO         1289    .text               c_w.l(_printf_fp_hex.o)
    0x08005248   0x0000002c   Code   RO         1294    .text               c_w.l(_printf_wchar.o)
    0x08005274   0x0000009e   Code   RO         1296    .text               c_w.l(_strtoul.o)
    0x08005312   0x00000040   Code   RO         1298    .text               c_w.l(_wcrtomb.o)
    0x08005352   0x0000000e   Code   RO         1300    .text               c_w.l(defsig_rtmem_outer.o)
    0x08005360   0x00000020   Code   RO         1304    .text               c_w.l(strcspn.o)
    0x08005380   0x0000001c   Code   RO         1306    .text               c_w.l(strspn.o)
    0x0800539c   0x00000002   Code   RO         1315    .text               c_w.l(use_no_semi.o)
    0x0800539e   0x00000000   Code   RO         1317    .text               c_w.l(indicate_semi.o)
    0x0800539e   0x0000004a   Code   RO         1318    .text               c_w.l(sys_stackheap_outer.o)
    0x080053e8   0x00000008   Code   RO         1325    .text               c_w.l(rt_locale_intlibspace.o)
    0x080053f0   0x00000080   Code   RO         1329    .text               c_w.l(_printf_fp_infnan.o)
    0x08005470   0x0000001c   Code   RO         1331    .text               c_w.l(_chval.o)
    0x0800548c   0x000000dc   Code   RO         1333    .text               c_w.l(bigflt0.o)
    0x08005568   0x00000012   Code   RO         1364    .text               c_w.l(exit.o)
    0x0800557a   0x0000000a   Code   RO         1366    .text               c_w.l(defsig_exit.o)
    0x08005584   0x00000050   Code   RO         1368    .text               c_w.l(defsig_rtmem_inner.o)
    0x080055d4   0x0000000c   Code   RO         1384    .text               c_w.l(sys_exit.o)
    0x080055e0   0x00000032   Code   RO         1394    .text               c_w.l(defsig_general.o)
    0x08005612   0x00000002   PAD
    0x08005614   0x00000080   Code   RO         1396    .text               c_w.l(strcmpv7m.o)
    0x08005694   0x0000000e   Code   RO         1414    .text               c_w.l(sys_wrch.o)
    0x080056a2   0x0000003e   Code   RO         1336    CL$$btod_d2e        c_w.l(btod.o)
    0x080056e0   0x00000046   Code   RO         1338    CL$$btod_d2e_denorm_low  c_w.l(btod.o)
    0x08005726   0x00000060   Code   RO         1337    CL$$btod_d2e_norm_op1  c_w.l(btod.o)
    0x08005786   0x00000338   Code   RO         1346    CL$$btod_div_common  c_w.l(btod.o)
    0x08005abe   0x000000c6   Code   RO         1343    CL$$btod_e2e        c_w.l(btod.o)
    0x08005b84   0x00000028   Code   RO         1340    CL$$btod_ediv       c_w.l(btod.o)
    0x08005bac   0x00000028   Code   RO         1339    CL$$btod_emul       c_w.l(btod.o)
    0x08005bd4   0x00000244   Code   RO         1345    CL$$btod_mult_common  c_w.l(btod.o)
    0x08005e18   0x00000030   Code   RO         1382    i.__ARM_fpclassify  m_wm.l(fpclassify.o)
    0x08005e48   0x0000000e   Code   RO         1043    i._is_digit         c_w.l(__printf_wp.o)
    0x08005e56   0x00000002   PAD
    0x08005e58   0x0000002c   Code   RO         1359    locale$$code        c_w.l(lc_ctype_c.o)
    0x08005e84   0x0000002c   Code   RO         1362    locale$$code        c_w.l(lc_numeric_c.o)
    0x08005eb0   0x00000062   Code   RO         1077    x$fpl$d2f           fz_wm.l(d2f.o)
    0x08005f12   0x00000002   PAD
    0x08005f14   0x000002b0   Code   RO         1080    x$fpl$ddiv          fz_wm.l(ddiv.o)
    0x080061c4   0x0000009c   Code   RO         1238    x$fpl$dnaninf       fz_wm.l(dnaninf.o)
    0x08006260   0x0000000c   Code   RO         1240    x$fpl$dretinf       fz_wm.l(dretinf.o)
    0x0800626c   0x00000056   Code   RO         1083    x$fpl$f2d           fz_wm.l(f2d.o)
    0x080062c2   0x0000008c   Code   RO         1242    x$fpl$fnaninf       fz_wm.l(fnaninf.o)
    0x0800634e   0x0000000a   Code   RO         1313    x$fpl$fpinit        fz_wm.l(fpinit.o)
    0x08006358   0x0000000a   Code   RO         1244    x$fpl$fretinf       fz_wm.l(fretinf.o)
    0x08006362   0x00000004   Code   RO         1246    x$fpl$printf1       fz_wm.l(printf1.o)
    0x08006366   0x00000004   Code   RO         1248    x$fpl$printf2       fz_wm.l(printf2.o)
    0x0800636a   0x00000000   Code   RO         1254    x$fpl$usenofp       fz_wm.l(usenofp.o)
    0x0800636a   0x00000011   Data   RO         1051    .constdata          c_w.l(__printf_flags_ss_wp.o)
    0x0800637b   0x00000001   PAD
    0x0800637c   0x00000008   Data   RO         1133    .constdata          c_w.l(_printf_wctomb.o)
    0x08006384   0x00000028   Data   RO         1162    .constdata          c_w.l(_printf_hex_int_ll_ptr.o)
    0x080063ac   0x00000026   Data   RO         1290    .constdata          c_w.l(_printf_fp_hex.o)
    0x080063d2   0x00000002   PAD
    0x080063d4   0x00000094   Data   RO         1334    .constdata          c_w.l(bigflt0.o)
    0x08006468   0x00000020   Data   RO         1444    Region$$Table       anon$$obj.o
    0x08006488   0x00000110   Data   RO         1358    locale$$data        c_w.l(lc_ctype_c.o)
    0x08006598   0x0000001c   Data   RO         1361    locale$$data        c_w.l(lc_numeric_c.o)


    Execution Region RW_IRAM1 (Base: 0x20000000, Size: 0x000008d8, Max: 0x00020000, ABSOLUTE, COMPRESSED[0x000000a4])

    Base Addr    Size         Type   Attr      Idx    E Section Name        Object

    0x20000000   0x000000b1   Data   RW            4    .data               main.o
    0x200000b1   0x00000003   PAD
    0x200000b4   0x00000014   Data   RW          231    .data               system_stm32f4xx.o
    0x200000c8   0x00000010   Data   RW          567    .data               stm32f4xx_rcc.o
    0x200000d8   0x00000058   Data   RW          790    .data               usart.o
    0x20000130   0x00000010   Data   RW          818    .data               tm_stm32f4_i2c.o
    0x20000140   0x00000011   Data   RW          841    .data               tm_stm32f4_delay.o
    0x20000151   0x00000005   Data   RW          937    .data               dht11.o
    0x20000156   0x00000002   PAD
    0x20000158   0x00000004   Data   RW         1059    .data               c_w.l(strtok.o)
    0x2000015c   0x00000016   Zero   RW          767    .bss                tm_stm32f4_gpio.o
    0x20000172   0x000000e8   Zero   RW          789    .bss                usart.o
    0x2000025a   0x00000002   PAD
    0x2000025c   0x00000018   Zero   RW          840    .bss                tm_stm32f4_delay.o
    0x20000274   0x00000060   Zero   RW         1258    .bss                c_w.l(libspace.o)
    0x200002d4   0x00000004   PAD
    0x200002d8   0x00000200   Zero   RW          255    HEAP                startup_stm32f40_41xxx.o
    0x200004d8   0x00000400   Zero   RW          254    STACK               startup_stm32f40_41xxx.o


==============================================================================

Image component sizes


      Code (inc. data)   RO Data    RW Data    ZI Data      Debug   Object Name

       424         14          0          5          0       2980   dht11.o
      2016        594          0        177          0     304289   main.o
       224         20          0          0          0       1853   misc.o
        64         26        392          0       1536        852   startup_stm32f40_41xxx.o
       660         44          0          0          0       4193   stm32f4xx_gpio.o
      1110         26          0          0          0       8711   stm32f4xx_i2c.o
        24          0          0          0          0       1138   stm32f4xx_it.o
      1628         52          0         16          0      13088   stm32f4xx_rcc.o
      3234         60          0          0          0      23048   stm32f4xx_tim.o
      1108         34          0          0          0       7916   stm32f4xx_usart.o
       528         46          0         20          0       1831   system_stm32f4xx.o
       600         42          0         17         24      33124   tm_stm32f4_delay.o
       768         10          0          0         22       5840   tm_stm32f4_gpio.o
      1452         50          0         16          0       7122   tm_stm32f4_i2c.o
      1880        116          0         88        232       9396   usart.o

    ----------------------------------------------------------------------
     15724       1134        424        344       1816     425381   Object Totals
         0          0         32          0          0          0   (incl. Generated)
         4          0          0          5          2          0   (incl. Padding)

    ----------------------------------------------------------------------

      Code (inc. data)   RO Data    RW Data    ZI Data      Debug   Library Member Name

        44          6          0          0          0         84   __2sprintf.o
        90          0          0          0          0          0   __dczerorl2.o
         8          0          0          0          0         68   __main.o
       392          4         17          0          0         92   __printf_flags_ss_wp.o
        14          0          0          0          0         68   __printf_wp.o
         0          0          0          0          0          0   __rtentry.o
        12          0          0          0          0          0   __rtentry2.o
         6          0          0          0          0          0   __rtentry4.o
        52          8          0          0          0          0   __scatter.o
        28          0          0          0          0          0   __scatter_zi.o
        28          0          0          0          0         68   _chval.o
         6          0          0          0          0          0   _printf_a.o
         6          0          0          0          0          0   _printf_c.o
        44          0          0          0          0        108   _printf_char.o
        48          6          0          0          0         96   _printf_char_common.o
        40          0          0          0          0         68   _printf_charcount.o
         6          0          0          0          0          0   _printf_d.o
       120         16          0          0          0         92   _printf_dec.o
         6          0          0          0          0          0   _printf_e.o
         6          0          0          0          0          0   _printf_f.o
      1050          0          0          0          0        216   _printf_fp_dec.o
       764          8         38          0          0        100   _printf_fp_hex.o
       128         16          0          0          0         84   _printf_fp_infnan.o
         6          0          0          0          0          0   _printf_g.o
       148          4         40          0          0        160   _printf_hex_int_ll_ptr.o
         6          0          0          0          0          0   _printf_i.o
       178          0          0          0          0         88   _printf_intcommon.o
        10          0          0          0          0          0   _printf_l.o
         6          0          0          0          0          0   _printf_lc.o
        10          0          0          0          0          0   _printf_ll.o
         6          0          0          0          0          0   _printf_lld.o
         6          0          0          0          0          0   _printf_lli.o
         6          0          0          0          0          0   _printf_llo.o
         6          0          0          0          0          0   _printf_llu.o
         6          0          0          0          0          0   _printf_llx.o
       124         16          0          0          0         92   _printf_longlong_dec.o
         6          0          0          0          0          0   _printf_ls.o
         6          0          0          0          0          0   _printf_n.o
         6          0          0          0          0          0   _printf_o.o
       112         10          0          0          0        124   _printf_oct_int_ll.o
         6          0          0          0          0          0   _printf_p.o
        78          0          0          0          0        108   _printf_pad.o
         0          0          0          0          0          0   _printf_percent.o
         4          0          0          0          0          0   _printf_percent_end.o
         6          0          0          0          0          0   _printf_s.o
        82          0          0          0          0         80   _printf_str.o
        36          0          0          0          0         84   _printf_truncate.o
         6          0          0          0          0          0   _printf_u.o
        44          0          0          0          0        108   _printf_wchar.o
       188          6          8          0          0         92   _printf_wctomb.o
         6          0          0          0          0          0   _printf_x.o
        10          0          0          0          0         68   _sputc.o
       158          0          0          0          0         92   _strtoul.o
        64          0          0          0          0         92   _wcrtomb.o
        26          0          0          0          0         80   atoi.o
       220          4        148          0          0         96   bigflt0.o
      1910        128          0          0          0        672   btod.o
        10          0          0          0          0         68   defsig_exit.o
        50          0          0          0          0         88   defsig_general.o
        80         58          0          0          0         76   defsig_rtmem_inner.o
        14          0          0          0          0         80   defsig_rtmem_outer.o
        18          0          0          0          0         80   exit.o
        94          0          0          0          0         80   h1_alloc.o
        52          0          0          0          0         68   h1_extend.o
        78          0          0          0          0         80   h1_free.o
        14          0          0          0          0         84   h1_init.o
         6          0          0          0          0        152   heapauxi.o
         4          0          0          0          0        136   hguard.o
         0          0          0          0          0          0   indicate_semi.o
       138          0          0          0          0        168   init_alloc.o
        44         10        272          0          0         76   lc_ctype_c.o
        44         10         28          0          0         76   lc_numeric_c.o
         2          0          0          0          0          0   libinit.o
        42          0          0          0          0          0   libinit2.o
         2          0          0          0          0          0   libshutdown.o
         2          0          0          0          0          0   libshutdown2.o
         8          4          0          0         96         68   libspace.o
       138          0          0          0          0         80   lludiv10.o
         0          0          0          0          0          0   maybetermalloc1.o
        16          4          0          0          0         76   rt_ctype_table.o
         8          4          0          0          0         68   rt_errno_addr_intlibspace.o
         8          4          0          0          0         68   rt_heap_descriptor_intlibspace.o
         8          4          0          0          0         68   rt_locale_intlibspace.o
        68          0          0          0          0         68   rt_memclr.o
        78          0          0          0          0         80   rt_memclr_w.o
         2          0          0          0          0          0   rtexit.o
        10          0          0          0          0          0   rtexit2.o
        44          6          0          0          0         84   sprintf.o
       128          0          0          0          0         68   strcmpv7m.o
        72          0          0          0          0         80   strcpy.o
        32          0          0          0          0         80   strcspn.o
        28          0          0          0          0         80   strspn.o
        36          0          0          0          0         80   strstr.o
        12          6          0          4          0         68   strtok.o
        68          4          0          0          0         84   strtok_int.o
       112          0          0          0          0         88   strtol.o
        12          4          0          0          0         68   sys_exit.o
        74          0          0          0          0         80   sys_stackheap_outer.o
        14          0          0          0          0         76   sys_wrch.o
         2          0          0          0          0         68   use_no_semi.o
        98          4          0          0          0        140   d2f.o
       688        140          0          0          0        256   ddiv.o
       156          4          0          0          0        140   dnaninf.o
        12          0          0          0          0        116   dretinf.o
        86          4          0          0          0        132   f2d.o
       140          4          0          0          0        132   fnaninf.o
        10          0          0          0          0        116   fpinit.o
        10          0          0          0          0        116   fretinf.o
         4          0          0          0          0        116   printf1.o
         4          0          0          0          0        116   printf2.o
         0          0          0          0          0          0   usenofp.o
        48          0          0          0          0        124   fpclassify.o

    ----------------------------------------------------------------------
      9334        506        554          4        100       7576   Library Totals
        16          0          3          0          4          0   (incl. Padding)

    ----------------------------------------------------------------------

      Code (inc. data)   RO Data    RW Data    ZI Data      Debug   Library Name

      8062        350        551          4         96       6072   c_w.l
      1208        156          0          0          0       1380   fz_wm.l
        48          0          0          0          0        124   m_wm.l

    ----------------------------------------------------------------------
      9334        506        554          4        100       7576   Library Totals

    ----------------------------------------------------------------------

==============================================================================


      Code (inc. data)   RO Data    RW Data    ZI Data      Debug   

     25058       1640        978        348       1916     425073   Grand Totals
     25058       1640        978        164       1916     425073   ELF Image Totals (compressed)
     25058       1640        978        164          0          0   ROM Totals

==============================================================================

    Total RO  Size (Code + RO Data)                26036 (  25.43kB)
    Total RW  Size (RW Data + ZI Data)              2264 (   2.21kB)
    Total ROM Size (Code + RO Data + RW Data)      26200 (  25.59kB)

==============================================================================

